========================================
🔬 EXPERIMENTO: 1 iteraciones por escenario
   Escenarios: 3
   Total ejecuciones: 3
   Inicio: 2026-02-18 22:46:58
========================================

########################################################
🔄 ESCENARIO: low | ITERACIÓN: 1 / 1
   Hora: 22:46:58
########################################################
========================================
🔋 FASE 1: Descarga de imágenes (low, iter 1)
========================================
📋 Capturando PIDs (gepidstea.sh)...
📋 Capturando PIDs de contenedores (kpsnodos.sh)...
🔋 [22:47:19] Iniciando medición de energía: fase1_descarga_low_iter1 (25s)
   PID de medición: 3743887
🚀 Desplegando TeaStore desde GitHub...
========================================
🔋 MEASURE ENERGY - Fase: fase1_descarga_low_iter1
   Duración: 25s
   PID: 3743887
========================================
=== Medición bloque 25s - Fase: fase1_descarga_low_iter1 ===
[⏱ 22:47:20] Iniciando ecofloc en nitro5 por 25s (fase: fase1_descarga_low_iter1)
⏳ Esperando a que todos los pods de TeaStore estén Running y Ready...
  ├─ [nitro5:sd] start 22:47:20
  ├─ [nitro5:ram] start 22:47:20
  ├─ [nitro5:nic] start 22:47:21
[⏱ 22:47:21] Iniciando ecofloc en aspire por 25s (fase: fase1_descarga_low_iter1)
  ├─ [nitro5:cpu] start 22:47:21
  ├─ [aspire:sd] start 22:47:21
  ├─ [aspire:ram] start 22:47:21
  ├─ [aspire:nic] start 22:47:21
[⏱ 22:47:21] Iniciando ecofloc en scorpius por 25s (fase: fase1_descarga_low_iter1)
  ├─ [aspire:cpu] start 22:47:21
  ├─ [scorpius:sd] start 22:47:21
  ├─ [scorpius:ram] start 22:47:21
  ├─ [scorpius:nic] start 22:47:21
[⏱ 22:47:21] Iniciando ecofloc en leo por 25s (fase: fase1_descarga_low_iter1)
  ├─ [scorpius:cpu] start 22:47:21
  ├─ [leo:sd] start 22:47:21
  ├─ [leo:ram] start 22:47:21
  ├─ [leo:nic] start 22:47:21
  ├─ [leo:cpu] start 22:47:21
✅ Pods listos.
⏳ [22:47:29] Esperando que termine medición: fase1_descarga_low_iter1 (PID: 3743887)
  └─ [nitro5:sd] end 22:47:45
  └─ [nitro5:ram] end 22:47:45
  └─ [nitro5:nic] end 22:47:46
  └─ [nitro5:cpu] end 22:47:46
  └─ [scorpius:sd] end 22:47:48
  └─ [scorpius:cpu] end 22:47:48
  └─ [leo:sd] end 22:47:48
  └─ [aspire:sd] end 22:47:49
  └─ [leo:cpu] end 22:47:49
  └─ [aspire:cpu] end 22:47:52
  └─ [scorpius:nic] end 22:47:52
  └─ [scorpius:ram] end 22:47:53
  └─ [aspire:nic] end 22:47:54
  └─ [aspire:ram] end 22:47:54
  └─ [leo:nic] end 22:47:55
  └─ [leo:ram] end 22:47:55
=== Bloque 25s terminado - Fase: fase1_descarga_low_iter1 ===
[🧹] Limpiando CSVs internos de ecofloc en cada nodo (fase: fase1_descarga_low_iter1)...
  ✔ [nitro5:cpu] limpiado /home/luish/Documents/p3/ecofloc2/ecofloc/ecofloc-cpu/ECOFLOC_CPU_COMM_text.csv
  ✔ [nitro5:nic] limpiado /home/luish/Documents/p3/ecofloc2/ecofloc/ecofloc-nic/ECOFLOC_NIC_COMM_text.csv
  ✔ [nitro5:ram] limpiado /home/luish/Documents/p3/ecofloc2/ecofloc/ecofloc-ram/ECOFLOC_RAM_COMM_text.csv
  ✔ [nitro5:sd] limpiado /home/luish/Documents/p3/ecofloc2/ecofloc/ecofloc-sd/ECOFLOC_SD_COMM_text.csv
  ✔ [leo:cpu] limpiado /home/leo/ecofloc/ecofloc-cpu/ECOFLOC_CPU_COMM_text.csv
  ✔ [leo:nic] limpiado /home/leo/ecofloc/ecofloc-nic/ECOFLOC_NIC_COMM_text.csv
  ✔ [leo:ram] limpiado /home/leo/ecofloc/ecofloc-ram/ECOFLOC_RAM_COMM_text.csv
  ✔ [leo:sd] limpiado /home/leo/ecofloc/ecofloc-sd/ECOFLOC_SD_COMM_text.csv
  ✔ [aspire:cpu] limpiado /home/luish/Documents/p3/ecofloc2/ecofloc/ecofloc-cpu/ECOFLOC_CPU_COMM_text.csv
  ✔ [aspire:nic] limpiado /home/luish/Documents/p3/ecofloc2/ecofloc/ecofloc-nic/ECOFLOC_NIC_COMM_text.csv
  ✔ [aspire:ram] limpiado /home/luish/Documents/p3/ecofloc2/ecofloc/ecofloc-ram/ECOFLOC_RAM_COMM_text.csv
  ✔ [aspire:sd] limpiado /home/luish/Documents/p3/ecofloc2/ecofloc/ecofloc-sd/ECOFLOC_SD_COMM_text.csv
  ✔ [scorpius:cpu] limpiado /home/scorpius03/Documents/ecofloc/ecofloc-cpu/ECOFLOC_CPU_COMM_text.csv
  ✔ [scorpius:nic] limpiado /home/scorpius03/Documents/ecofloc/ecofloc-nic/ECOFLOC_NIC_COMM_text.csv
  ✔ [scorpius:ram] limpiado /home/scorpius03/Documents/ecofloc/ecofloc-ram/ECOFLOC_RAM_COMM_text.csv
  ✔ [scorpius:sd] limpiado /home/scorpius03/Documents/ecofloc/ecofloc-sd/ECOFLOC_SD_COMM_text.csv
========================================
🔋 MEASURE ENERGY FINALIZADO
   Fase: fase1_descarga_low_iter1
========================================
✔️ [22:48:00] Medición fase1_descarga_low_iter1 completada
[📦] Archivando resultados → ./historyexecutions/exp(22:48:05)_fase1_low_iter1
