========================================
🔬 EXPERIMENTO: HIGH=15, LOW=0, MED=0
   Escenarios: 3
   Total ejecuciones: 15
   Inicio: 2026-02-26 23:46:19
========================================
⏭ Saltando escenario low (0 iteraciones configuradas)
⏭ Saltando escenario medium (0 iteraciones configuradas)

########################################################
🔄 ESCENARIO: high | ITERACIÓN: 1 / 15
   Hora: 23:46:19
########################################################
========================================
🔋 FASE 1: Descarga de imágenes (high, iter 1)
========================================
📋 Capturando PIDs (gepidstea.sh)...
📋 Capturando PIDs de contenedores (kpsnodos.sh)...
🔋 [23:46:39] Iniciando medición de energía: fase1_descarga_high_iter1 (25s)
   PID de medición: 446844
🚀 Desplegando TeaStore desde /home/luish/Documents/death/teastore/TeaStore/examples/kubernetes/teastore-energy-scheduler.yaml...
========================================
🔋 MEASURE ENERGY - Fase: fase1_descarga_high_iter1
   Duración: 25s
   PID: 446844
========================================
=== Medición bloque 25s - Fase: fase1_descarga_high_iter1 ===
[⏱ 23:46:39] Iniciando ecofloc en nitro5 por 25s (fase: fase1_descarga_high_iter1)
⏳ Esperando a que todos los pods de TeaStore estén Running y Ready...
  ├─ [nitro5:sd] start 23:46:40
  ├─ [nitro5:ram] start 23:46:40
  ├─ [nitro5:nic] start 23:46:41
[⏱ 23:46:41] Iniciando ecofloc en aspire por 25s (fase: fase1_descarga_high_iter1)
  ├─ [nitro5:cpu] start 23:46:41
  ├─ [aspire:sd] start 23:46:41
  ├─ [aspire:ram] start 23:46:41
[⏱ 23:46:41] Iniciando ecofloc en scorpius por 25s (fase: fase1_descarga_high_iter1)
  ├─ [aspire:nic] start 23:46:41
  ├─ [aspire:cpu] start 23:46:41
  ├─ [scorpius:sd] start 23:46:41
  ├─ [scorpius:ram] start 23:46:41
[⏱ 23:46:41] Iniciando ecofloc en leo por 25s (fase: fase1_descarga_high_iter1)
  ├─ [scorpius:nic] start 23:46:41
  ├─ [scorpius:cpu] start 23:46:41
  ├─ [leo:sd] start 23:46:41
  ├─ [leo:ram] start 23:46:41
  ├─ [leo:nic] start 23:46:41
  ├─ [leo:cpu] start 23:46:41
✅ Pods listos.
⏳ [23:46:43] Esperando que termine medición: fase1_descarga_high_iter1 (PID: 446844)
  └─ [nitro5:sd] end 23:47:05
  └─ [nitro5:ram] end 23:47:05
  └─ [nitro5:nic] end 23:47:06
  └─ [nitro5:cpu] end 23:47:06
  └─ [aspire:sd] end 23:47:07
  └─ [aspire:cpu] end 23:47:07
  └─ [leo:cpu] end 23:47:07
  └─ [leo:sd] end 23:47:07
  └─ [scorpius:cpu] end 23:47:07
  └─ [aspire:nic] end 23:47:08
  └─ [scorpius:sd] end 23:47:08
  └─ [leo:nic] end 23:47:08
  └─ [aspire:ram] end 23:47:08
  └─ [scorpius:nic] end 23:47:09
  └─ [scorpius:ram] end 23:47:09
  └─ [leo:ram] end 23:47:09
=== Bloque 25s terminado - Fase: fase1_descarga_high_iter1 ===
[🧹] Limpiando CSVs internos de ecofloc en cada nodo (fase: fase1_descarga_high_iter1)...
  ✔ [nitro5:cpu] limpiado /home/luish/Documents/p3/ecofloc2/ecofloc/ecofloc-cpu/ECOFLOC_CPU_COMM_text.csv
  ✔ [nitro5:nic] limpiado /home/luish/Documents/p3/ecofloc2/ecofloc/ecofloc-nic/ECOFLOC_NIC_COMM_text.csv
  ✔ [nitro5:ram] limpiado /home/luish/Documents/p3/ecofloc2/ecofloc/ecofloc-ram/ECOFLOC_RAM_COMM_text.csv
  ✔ [nitro5:sd] limpiado /home/luish/Documents/p3/ecofloc2/ecofloc/ecofloc-sd/ECOFLOC_SD_COMM_text.csv
  ✔ [leo:cpu] limpiado /home/leo/ecofloc/ecofloc-cpu/ECOFLOC_CPU_COMM_text.csv
  ✔ [leo:nic] limpiado /home/leo/ecofloc/ecofloc-nic/ECOFLOC_NIC_COMM_text.csv
  ✔ [leo:ram] limpiado /home/leo/ecofloc/ecofloc-ram/ECOFLOC_RAM_COMM_text.csv
  ✔ [leo:sd] limpiado /home/leo/ecofloc/ecofloc-sd/ECOFLOC_SD_COMM_text.csv
  ✔ [aspire:cpu] limpiado /home/luish/Documents/p3/ecofloc2/ecofloc/ecofloc-cpu/ECOFLOC_CPU_COMM_text.csv
  ✔ [aspire:nic] limpiado /home/luish/Documents/p3/ecofloc2/ecofloc/ecofloc-nic/ECOFLOC_NIC_COMM_text.csv
  ✔ [aspire:ram] limpiado /home/luish/Documents/p3/ecofloc2/ecofloc/ecofloc-ram/ECOFLOC_RAM_COMM_text.csv
  ✔ [aspire:sd] limpiado /home/luish/Documents/p3/ecofloc2/ecofloc/ecofloc-sd/ECOFLOC_SD_COMM_text.csv
  ✔ [scorpius:cpu] limpiado /home/scorpius03/Documents/ecofloc/ecofloc-cpu/ECOFLOC_CPU_COMM_text.csv
  ✔ [scorpius:nic] limpiado /home/scorpius03/Documents/ecofloc/ecofloc-nic/ECOFLOC_NIC_COMM_text.csv
  ✔ [scorpius:ram] limpiado /home/scorpius03/Documents/ecofloc/ecofloc-ram/ECOFLOC_RAM_COMM_text.csv
  ✔ [scorpius:sd] limpiado /home/scorpius03/Documents/ecofloc/ecofloc-sd/ECOFLOC_SD_COMM_text.csv
========================================
🔋 MEASURE ENERGY FINALIZADO
   Fase: fase1_descarga_high_iter1
========================================
✔️ [23:47:21] Medición fase1_descarga_high_iter1 completada
[📦] Archivando resultados → ./historyexecutions/exp(23:47:26)_fase1_high_iter1
[✔] Archivado: ./historyexecutions/exp(23:47:26)_fase1_high_iter1
========================================
🔋 FASE 2: Preparación de servicios (high, iter 1)
========================================
📋 Capturando PIDs (gepidstea.sh)...
📋 Capturando PIDs de contenedores (kpsnodos.sh)...
🔋 [23:47:43] Iniciando medición de energía: fase2_preparacion_high_iter1 (50s)
   PID de medición: 516672
========================================
🔋 MEASURE ENERGY - Fase: fase2_preparacion_high_iter1
   Duración: 50s
   PID: 516672
========================================
=== Medición bloque 50s - Fase: fase2_preparacion_high_iter1 ===
[⏱ 23:47:43] Iniciando ecofloc en nitro5 por 50s (fase: fase2_preparacion_high_iter1)
⏳ Esperando 10s a que CoreDNS se estabilice...
  ├─ [nitro5:sd] start 23:47:43
  ├─ [nitro5:ram] start 23:47:44
  ├─ [nitro5:nic] start 23:47:44
[⏱ 23:47:44] Iniciando ecofloc en aspire por 50s (fase: fase2_preparacion_high_iter1)
  ├─ [nitro5:cpu] start 23:47:44
  ├─ [aspire:sd] start 23:47:44
  ├─ [aspire:ram] start 23:47:44
  ├─ [aspire:nic] start 23:47:44
[⏱ 23:47:44] Iniciando ecofloc en scorpius por 50s (fase: fase2_preparacion_high_iter1)
  ├─ [aspire:cpu] start 23:47:44
  ├─ [scorpius:sd] start 23:47:44
  ├─ [scorpius:ram] start 23:47:44
  ├─ [scorpius:nic] start 23:47:44
[⏱ 23:47:44] Iniciando ecofloc en leo por 50s (fase: fase2_preparacion_high_iter1)
  ├─ [scorpius:cpu] start 23:47:44
  ├─ [leo:sd] start 23:47:44
  ├─ [leo:nic] start 23:47:44
  ├─ [leo:ram] start 23:47:44
  ├─ [leo:cpu] start 23:47:44
➡️ Pod WebUI: teastore-webui-ff7768544-qclc6
➡️ Está en el nodo: scorpius03
🌐 IP del nodo WebUI: 192.168.18.34
⏳ Verificando estado del TeaStore en http://192.168.18.34:30080/tools.descartes.teastore.webui/status ...
   ➤ Estado actual: 5 / 5 servicios OK
✔ TODOS los servicios del TeaStore están OK. Continuando...
⏳ [23:47:59] Esperando que termine medición: fase2_preparacion_high_iter1 (PID: 516672)
  └─ [nitro5:sd] end 23:48:33
  └─ [nitro5:ram] end 23:48:34
  └─ [nitro5:nic] end 23:48:34
  └─ [nitro5:cpu] end 23:48:34
  └─ [aspire:cpu] end 23:48:35
  └─ [leo:sd] end 23:48:36
  └─ [leo:cpu] end 23:48:36
  └─ [aspire:sd] end 23:48:36
  └─ [aspire:nic] end 23:48:36
  └─ [scorpius:cpu] end 23:48:36
  └─ [scorpius:sd] end 23:48:36
  └─ [aspire:ram] end 23:48:37
  └─ [leo:nic] end 23:48:37
  └─ [leo:ram] end 23:48:37
  └─ [scorpius:nic] end 23:48:37
  └─ [scorpius:ram] end 23:48:38
=== Bloque 50s terminado - Fase: fase2_preparacion_high_iter1 ===
[🧹] Limpiando CSVs internos de ecofloc en cada nodo (fase: fase2_preparacion_high_iter1)...
  ✔ [nitro5:cpu] limpiado /home/luish/Documents/p3/ecofloc2/ecofloc/ecofloc-cpu/ECOFLOC_CPU_COMM_text.csv
  ✔ [nitro5:nic] limpiado /home/luish/Documents/p3/ecofloc2/ecofloc/ecofloc-nic/ECOFLOC_NIC_COMM_text.csv
  ✔ [nitro5:ram] limpiado /home/luish/Documents/p3/ecofloc2/ecofloc/ecofloc-ram/ECOFLOC_RAM_COMM_text.csv
  ✔ [nitro5:sd] limpiado /home/luish/Documents/p3/ecofloc2/ecofloc/ecofloc-sd/ECOFLOC_SD_COMM_text.csv
  ✔ [leo:cpu] limpiado /home/leo/ecofloc/ecofloc-cpu/ECOFLOC_CPU_COMM_text.csv
  ✔ [leo:nic] limpiado /home/leo/ecofloc/ecofloc-nic/ECOFLOC_NIC_COMM_text.csv
  ✔ [leo:ram] limpiado /home/leo/ecofloc/ecofloc-ram/ECOFLOC_RAM_COMM_text.csv
  ✔ [leo:sd] limpiado /home/leo/ecofloc/ecofloc-sd/ECOFLOC_SD_COMM_text.csv
  ✔ [aspire:cpu] limpiado /home/luish/Documents/p3/ecofloc2/ecofloc/ecofloc-cpu/ECOFLOC_CPU_COMM_text.csv
  ✔ [aspire:nic] limpiado /home/luish/Documents/p3/ecofloc2/ecofloc/ecofloc-nic/ECOFLOC_NIC_COMM_text.csv
  ✔ [aspire:ram] limpiado /home/luish/Documents/p3/ecofloc2/ecofloc/ecofloc-ram/ECOFLOC_RAM_COMM_text.csv
  ✔ [aspire:sd] limpiado /home/luish/Documents/p3/ecofloc2/ecofloc/ecofloc-sd/ECOFLOC_SD_COMM_text.csv
  ✔ [scorpius:cpu] limpiado /home/scorpius03/Documents/ecofloc/ecofloc-cpu/ECOFLOC_CPU_COMM_text.csv
  ✔ [scorpius:nic] limpiado /home/scorpius03/Documents/ecofloc/ecofloc-nic/ECOFLOC_NIC_COMM_text.csv
  ✔ [scorpius:ram] limpiado /home/scorpius03/Documents/ecofloc/ecofloc-ram/ECOFLOC_RAM_COMM_text.csv
  ✔ [scorpius:sd] limpiado /home/scorpius03/Documents/ecofloc/ecofloc-sd/ECOFLOC_SD_COMM_text.csv
========================================
🔋 MEASURE ENERGY FINALIZADO
   Fase: fase2_preparacion_high_iter1
========================================
✔️ [23:48:42] Medición fase2_preparacion_high_iter1 completada
[📦] Archivando resultados → ./historyexecutions/exp(23:48:47)_fase2_high_iter1
[✔] Archivado: ./historyexecutions/exp(23:48:47)_fase2_high_iter1
========================================
🔋 FASE 3: Ejecución de carga (high, iter 1)
========================================
📋 Capturando PIDs (gepidstea.sh)...
📋 Capturando PIDs de contenedores (kpsnodos.sh)...
🔋 [23:49:05] Iniciando medición de energía: fase3_carga_high_iter1 (145s)
   PID de medición: 648968
=== Escenario high (iter 1) ===
========================================
🔋 MEASURE ENERGY - Fase: fase3_carga_high_iter1
   Duración: 145s
   PID: 648968
========================================
=== Medición bloque 145s - Fase: fase3_carga_high_iter1 ===
🚀 Iniciando LIMBO con profile=/home/luish/Documents/death/teastore/TeaStore/examples/httploadgenerator/increasingHighIntensity.csv y script=/home/luish/Documents/death/teastore/TeaStore/examples/httploadgenerator/teastore_buy.lua
[⏱ 23:49:05] Iniciando ecofloc en nitro5 por 145s (fase: fase3_carga_high_iter1)
Feb 26, 2026 11:49:05 PM tools.descartes.dlim.httploadgenerator.runner.Director executeDirector
WARNING: No power measurements
Feb 26, 2026 11:49:05 PM tools.descartes.dlim.httploadgenerator.runner.Director executeDirector
INFO: Load Generator Thread Count set to 64
Feb 26, 2026 11:49:05 PM tools.descartes.dlim.httploadgenerator.runner.Director executeDirector
INFO: URL connection timout set to 30000 ms
Feb 26, 2026 11:49:05 PM tools.descartes.dlim.httploadgenerator.runner.Director executeDirector
INFO: Using Lua Script: /home/luish/Documents/death/teastore/TeaStore/examples/httploadgenerator/teastore_buy.lua
Feb 26, 2026 11:49:05 PM tools.descartes.dlim.httploadgenerator.runner.Director process
INFO: Read 120 Arrival Rate Tuples
Load Generator sent: ok
Feb 26, 2026 11:49:05 PM tools.descartes.dlim.httploadgenerator.runner.Director process
INFO: Arrival Rates sent to Load Generator(s).
Load Generator sent: ok
Feb 26, 2026 11:49:05 PM tools.descartes.dlim.httploadgenerator.runner.Director process
INFO: Thread Count sent to Load Generator(s): 64
Load Generator sent: ok
Feb 26, 2026 11:49:05 PM tools.descartes.dlim.httploadgenerator.runner.Director process
INFO: URL connection timeout sent to Load Generator(s): 30000
Load Generator sent: ok
Feb 26, 2026 11:49:05 PM tools.descartes.dlim.httploadgenerator.runner.Director process
INFO: Contents of script sent to Load Generator: /home/luish/Documents/death/teastore/TeaStore/examples/httploadgenerator/teastore_buy.lua
Feb 26, 2026 11:49:05 PM tools.descartes.dlim.httploadgenerator.runner.Director process
INFO: Starting Load Generation
Beginning Run @1772167745499(26.02.2026;23:49:05499)
  ├─ [nitro5:sd] start 23:49:05
  ├─ [nitro5:ram] start 23:49:06
Target Time = 0.5; Load Intensity = 16.0; #Success = 0; #Failed = 0; #Dropped = 0
  ├─ [nitro5:nic] start 23:49:06
[⏱ 23:49:06] Iniciando ecofloc en aspire por 145s (fase: fase3_carga_high_iter1)
  ├─ [nitro5:cpu] start 23:49:06
  ├─ [aspire:sd] start 23:49:06
  ├─ [aspire:ram] start 23:49:06
[⏱ 23:49:06] Iniciando ecofloc en scorpius por 145s (fase: fase3_carga_high_iter1)
  ├─ [aspire:nic] start 23:49:06
  ├─ [aspire:cpu] start 23:49:06
  ├─ [scorpius:sd] start 23:49:06
  ├─ [scorpius:ram] start 23:49:06
  ├─ [scorpius:nic] start 23:49:06
[⏱ 23:49:06] Iniciando ecofloc en leo por 145s (fase: fase3_carga_high_iter1)
  ├─ [scorpius:cpu] start 23:49:06
  ├─ [leo:sd] start 23:49:06
  ├─ [leo:nic] start 23:49:06
  ├─ [leo:cpu] start 23:49:06
  ├─ [leo:ram] start 23:49:06
Target Time = 1.5; Load Intensity = 33.0; #Success = 0; #Failed = 0; #Dropped = 0
Target Time = 2.5; Load Intensity = 50.0; #Success = 1; #Failed = 5; #Dropped = 0
Target Time = 3.5; Load Intensity = 66.0; #Success = 40; #Failed = 0; #Dropped = 0
Target Time = 4.5; Load Intensity = 83.0; #Success = 2; #Failed = 0; #Dropped = 0
Target Time = 5.5; Load Intensity = 100.0; #Success = 21; #Failed = 0; #Dropped = 0
Target Time = 6.5; Load Intensity = 116.0; #Success = 0; #Failed = 0; #Dropped = 0
Target Time = 7.5; Load Intensity = 133.0; #Success = 24; #Failed = 0; #Dropped = 0
Target Time = 8.5; Load Intensity = 150.0; #Success = 11; #Failed = 0; #Dropped = 0
Target Time = 9.5; Load Intensity = 166.0; #Success = 27; #Failed = 0; #Dropped = 0
Target Time = 10.5; Load Intensity = 183.0; #Success = 2; #Failed = 0; #Dropped = 0
Target Time = 11.5; Load Intensity = 200.0; #Success = 1; #Failed = 0; #Dropped = 0
Target Time = 12.5; Load Intensity = 216.0; #Success = 42; #Failed = 0; #Dropped = 0
Target Time = 13.5; Load Intensity = 233.0; #Success = 20; #Failed = 0; #Dropped = 0
Target Time = 14.5; Load Intensity = 250.0; #Success = 0; #Failed = 0; #Dropped = 0
Target Time = 15.5; Load Intensity = 266.0; #Success = 0; #Failed = 0; #Dropped = 0
Target Time = 16.5; Load Intensity = 283.0; #Success = 1; #Failed = 0; #Dropped = 0
Target Time = 17.5; Load Intensity = 300.0; #Success = 0; #Failed = 0; #Dropped = 0
Target Time = 18.5; Load Intensity = 316.0; #Success = 0; #Failed = 0; #Dropped = 0
Target Time = 19.5; Load Intensity = 333.0; #Success = 0; #Failed = 0; #Dropped = 0
Target Time = 20.5; Load Intensity = 350.0; #Success = 0; #Failed = 0; #Dropped = 0
Target Time = 21.5; Load Intensity = 366.0; #Success = 0; #Failed = 0; #Dropped = 0
Target Time = 22.5; Load Intensity = 383.0; #Success = 0; #Failed = 0; #Dropped = 0
Target Time = 23.5; Load Intensity = 400.0; #Success = 0; #Failed = 0; #Dropped = 0
Target Time = 24.5; Load Intensity = 416.0; #Success = 0; #Failed = 0; #Dropped = 0
Target Time = 25.5; Load Intensity = 433.0; #Success = 0; #Failed = 0; #Dropped = 0
Target Time = 26.5; Load Intensity = 450.0; #Success = 0; #Failed = 0; #Dropped = 0
Target Time = 27.5; Load Intensity = 466.0; #Success = 0; #Failed = 0; #Dropped = 0
Target Time = 28.5; Load Intensity = 483.0; #Success = 0; #Failed = 0; #Dropped = 0
Target Time = 29.5; Load Intensity = 500.0; #Success = 0; #Failed = 0; #Dropped = 0
Target Time = 30.5; Load Intensity = 516.0; #Success = 0; #Failed = 0; #Dropped = 0
Target Time = 31.5; Load Intensity = 533.0; #Success = 0; #Failed = 0; #Dropped = 0
Target Time = 32.5; Load Intensity = 550.0; #Success = 1; #Failed = 0; #Dropped = 0
Target Time = 33.5; Load Intensity = 566.0; #Success = 1; #Failed = 0; #Dropped = 0
Target Time = 34.5; Load Intensity = 583.0; #Success = 1; #Failed = 0; #Dropped = 0
Target Time = 35.5; Load Intensity = 600.0; #Success = 0; #Failed = 0; #Dropped = 0
Target Time = 36.5; Load Intensity = 616.0; #Success = 0; #Failed = 0; #Dropped = 0
Target Time = 37.5; Load Intensity = 633.0; #Success = 0; #Failed = 0; #Dropped = 0
Target Time = 38.5; Load Intensity = 650.0; #Success = 0; #Failed = 0; #Dropped = 0
Target Time = 39.5; Load Intensity = 666.0; #Success = 0; #Failed = 0; #Dropped = 0
Target Time = 40.5; Load Intensity = 683.0; #Success = 0; #Failed = 0; #Dropped = 0
Target Time = 41.5; Load Intensity = 700.0; #Success = 3; #Failed = 0; #Dropped = 1029
Target Time = 42.5; Load Intensity = 716.0; #Success = 39; #Failed = 0; #Dropped = 191
Target Time = 43.5; Load Intensity = 733.0; #Success = 19; #Failed = 0; #Dropped = 167
Target Time = 44.5; Load Intensity = 750.0; #Success = 0; #Failed = 0; #Dropped = 0
Target Time = 45.5; Load Intensity = 766.0; #Success = 0; #Failed = 1; #Dropped = 586
Target Time = 46.5; Load Intensity = 783.0; #Success = 0; #Failed = 0; #Dropped = 0
Target Time = 47.5; Load Intensity = 800.0; #Success = 0; #Failed = 0; #Dropped = 0
Target Time = 48.5; Load Intensity = 816.0; #Success = 0; #Failed = 2; #Dropped = 739
Target Time = 49.5; Load Intensity = 833.0; #Success = 0; #Failed = 3; #Dropped = 152
Target Time = 50.5; Load Intensity = 850.0; #Success = 0; #Failed = 0; #Dropped = 0
Target Time = 51.5; Load Intensity = 866.0; #Success = 0; #Failed = 0; #Dropped = 0
Target Time = 52.5; Load Intensity = 883.0; #Success = 0; #Failed = 0; #Dropped = 0
Target Time = 53.5; Load Intensity = 900.0; #Success = 0; #Failed = 0; #Dropped = 0
Target Time = 54.5; Load Intensity = 916.0; #Success = 0; #Failed = 0; #Dropped = 0
Target Time = 55.5; Load Intensity = 933.0; #Success = 0; #Failed = 0; #Dropped = 0
Target Time = 56.5; Load Intensity = 950.0; #Success = 0; #Failed = 0; #Dropped = 0
Target Time = 57.5; Load Intensity = 966.0; #Success = 0; #Failed = 0; #Dropped = 0
Target Time = 58.5; Load Intensity = 983.0; #Success = 0; #Failed = 0; #Dropped = 0
Target Time = 59.5; Load Intensity = 1000.0; #Success = 0; #Failed = 3; #Dropped = 4116
Target Time = 60.5; Load Intensity = 1016.0; #Success = 0; #Failed = 0; #Dropped = 0
Target Time = 61.5; Load Intensity = 1033.0; #Success = 0; #Failed = 0; #Dropped = 0
Target Time = 62.5; Load Intensity = 1050.0; #Success = 0; #Failed = 0; #Dropped = 0
Target Time = 63.5; Load Intensity = 1066.0; #Success = 0; #Failed = 0; #Dropped = 0
Target Time = 64.5; Load Intensity = 1083.0; #Success = 2; #Failed = 0; #Dropped = 3163
Target Time = 65.5; Load Intensity = 1100.0; #Success = 0; #Failed = 0; #Dropped = 0
Target Time = 66.5; Load Intensity = 1116.0; #Success = 0; #Failed = 0; #Dropped = 0
Target Time = 67.5; Load Intensity = 1133.0; #Success = 0; #Failed = 0; #Dropped = 0
Target Time = 68.5; Load Intensity = 1150.0; #Success = 0; #Failed = 0; #Dropped = 0
Target Time = 69.5; Load Intensity = 1166.0; #Success = 0; #Failed = 0; #Dropped = 0
Target Time = 70.5; Load Intensity = 1183.0; #Success = 1; #Failed = 0; #Dropped = 3690
Target Time = 71.5; Load Intensity = 1200.0; #Success = 2; #Failed = 0; #Dropped = 771
Target Time = 72.5; Load Intensity = 1216.0; #Success = 36; #Failed = 0; #Dropped = 757
Target Time = 73.5; Load Intensity = 1233.0; #Success = 18; #Failed = 0; #Dropped = 462
Target Time = 74.5; Load Intensity = 1250.0; #Success = 0; #Failed = 1; #Dropped = 753
Target Time = 75.5; Load Intensity = 1266.0; #Success = 0; #Failed = 0; #Dropped = 0
Target Time = 76.5; Load Intensity = 1283.0; #Success = 0; #Failed = 1; #Dropped = 1423
Target Time = 77.5; Load Intensity = 1300.0; #Success = 0; #Failed = 0; #Dropped = 0
Target Time = 78.5; Load Intensity = 1316.0; #Success = 2; #Failed = 5; #Dropped = 1940
Target Time = 79.5; Load Intensity = 1333.0; #Success = 0; #Failed = 0; #Dropped = 0
Target Time = 80.5; Load Intensity = 1350.0; #Success = 0; #Failed = 0; #Dropped = 0
Target Time = 81.5; Load Intensity = 1366.0; #Success = 0; #Failed = 0; #Dropped = 0
Target Time = 82.5; Load Intensity = 1383.0; #Success = 0; #Failed = 0; #Dropped = 0
Target Time = 83.5; Load Intensity = 1400.0; #Success = 1; #Failed = 0; #Dropped = 4216
Target Time = 84.5; Load Intensity = 1416.0; #Success = 0; #Failed = 0; #Dropped = 0
Target Time = 85.5; Load Intensity = 1433.0; #Success = 0; #Failed = 0; #Dropped = 0
Target Time = 86.5; Load Intensity = 1450.0; #Success = 0; #Failed = 0; #Dropped = 0
Target Time = 87.5; Load Intensity = 1466.0; #Success = 3; #Failed = 0; #Dropped = 4109
Target Time = 88.5; Load Intensity = 1483.0; #Success = 0; #Failed = 0; #Dropped = 0
Target Time = 89.5; Load Intensity = 1500.0; #Success = 3; #Failed = 0; #Dropped = 1306
Target Time = 90.5; Load Intensity = 1516.0; #Success = 0; #Failed = 0; #Dropped = 0
Target Time = 91.5; Load Intensity = 1533.0; #Success = 3; #Failed = 0; #Dropped = 2204
Target Time = 92.5; Load Intensity = 1550.0; #Success = 2; #Failed = 3; #Dropped = 1389
Target Time = 93.5; Load Intensity = 1566.0; #Success = 0; #Failed = 0; #Dropped = 0
Target Time = 94.5; Load Intensity = 1583.0; #Success = 2; #Failed = 10; #Dropped = 2142
Target Time = 95.5; Load Intensity = 1600.0; #Success = 1; #Failed = 0; #Dropped = 824
Target Time = 96.5; Load Intensity = 1616.0; #Success = 1; #Failed = 0; #Dropped = 937
Target Time = 97.5; Load Intensity = 1633.0; #Success = 0; #Failed = 0; #Dropped = 0
Target Time = 98.5; Load Intensity = 1650.0; #Success = 0; #Failed = 0; #Dropped = 0
Target Time = 99.5; Load Intensity = 1666.0; #Success = 0; #Failed = 0; #Dropped = 0
Target Time = 100.5; Load Intensity = 1683.0; #Success = 0; #Failed = 0; #Dropped = 0
Target Time = 101.5; Load Intensity = 1700.0; #Success = 1; #Failed = 0; #Dropped = 6048
Target Time = 102.5; Load Intensity = 1716.0; #Success = 24; #Failed = 0; #Dropped = 1484
Target Time = 103.5; Load Intensity = 1733.0; #Success = 9; #Failed = 0; #Dropped = 863
Target Time = 104.5; Load Intensity = 1750.0; #Success = 2; #Failed = 1; #Dropped = 1528
Target Time = 105.5; Load Intensity = 1766.0; #Success = 0; #Failed = 0; #Dropped = 0
Target Time = 106.5; Load Intensity = 1783.0; #Success = 0; #Failed = 0; #Dropped = 0
Target Time = 107.5; Load Intensity = 1800.0; #Success = 0; #Failed = 0; #Dropped = 0
Target Time = 108.5; Load Intensity = 1816.0; #Success = 2; #Failed = 0; #Dropped = 5113
Target Time = 109.5; Load Intensity = 1833.0; #Success = 0; #Failed = 1; #Dropped = 748
Target Time = 110.5; Load Intensity = 1850.0; #Success = 0; #Failed = 0; #Dropped = 0
Target Time = 111.5; Load Intensity = 1866.0; #Success = 0; #Failed = 0; #Dropped = 0
Target Time = 112.5; Load Intensity = 1883.0; #Success = 0; #Failed = 1; #Dropped = 3761
Target Time = 113.5; Load Intensity = 1900.0; #Success = 0; #Failed = 0; #Dropped = 0
Target Time = 114.5; Load Intensity = 1916.0; #Success = 0; #Failed = 1; #Dropped = 3002
Target Time = 115.5; Load Intensity = 1933.0; #Success = 0; #Failed = 0; #Dropped = 0
Target Time = 116.5; Load Intensity = 1950.0; #Success = 0; #Failed = 0; #Dropped = 0
Target Time = 117.5; Load Intensity = 1966.0; #Success = 2; #Failed = 0; #Dropped = 4028
Target Time = 118.5; Load Intensity = 1983.0; #Success = 0; #Failed = 0; #Dropped = 0
Target Time = 119.5; Load Intensity = 2000.0; #Success = 2; #Failed = 0; #Dropped = 3545
Target Time = 120.5; Load Intensity = 0.0; #Success = 0; #Failed = 0; #Dropped = 0
Target Time = 121.5; Load Intensity = 0.0; #Success = 3; #Failed = 1; #Dropped = 3387
Target Time = 122.5; Load Intensity = 0.0; #Success = 6; #Failed = 0; #Dropped = 1760
Target Time = 123.5; Load Intensity = 0.0; #Success = 1; #Failed = 0; #Dropped = 77
Target Time = 124.5; Load Intensity = 0.0; #Success = 10; #Failed = 1; #Dropped = 3065
Target Time = 125.5; Load Intensity = 0.0; #Success = 1; #Failed = 0; #Dropped = 1247
Target Time = 126.5; Load Intensity = 0.0; #Success = 1; #Failed = 1; #Dropped = 1496
Target Time = 127.5; Load Intensity = 0.0; #Success = 1; #Failed = 1; #Dropped = 1993
Target Time = 128.5; Load Intensity = 0.0; #Success = 1; #Failed = 4; #Dropped = 1336
Target Time = 129.5; Load Intensity = 0.0; #Success = 2; #Failed = 2; #Dropped = 1839
Target Time = 130.5; Load Intensity = 0.0; #Success = 7; #Failed = 3; #Dropped = 1469
Target Time = 131.5; Load Intensity = 0.0; #Success = 4; #Failed = 1; #Dropped = 2042
Target Time = 132.5; Load Intensity = 0.0; #Success = 10; #Failed = 0; #Dropped = 1799
Target Time = 133.5; Load Intensity = 0.0; #Success = 5; #Failed = 0; #Dropped = 1213
Target Time = 134.5; Load Intensity = 0.0; #Success = 0; #Failed = 4; #Dropped = 1294
Target Time = 135.5; Load Intensity = 0.0; #Success = 0; #Failed = 41; #Dropped = 1762
Target Time = 136.5; Load Intensity = 0.0; #Success = 0; #Failed = 0; #Dropped = 0
Target Time = 137.5; Load Intensity = 0.0; #Success = 0; #Failed = 0; #Dropped = 0
Target Time = 138.5; Load Intensity = 0.0; #Success = 0; #Failed = 0; #Dropped = 0
Target Time = 139.5; Load Intensity = 0.0; #Success = 0; #Failed = 0; #Dropped = 0
Target Time = 140.5; Load Intensity = 0.0; #Success = 0; #Failed = 0; #Dropped = 0
Target Time = 141.5; Load Intensity = 0.0; #Success = 0; #Failed = 1; #Dropped = 11790
Target Time = 142.5; Load Intensity = 0.0; #Success = 0; #Failed = 0; #Dropped = 0
Target Time = 143.5; Load Intensity = 0.0; #Success = 0; #Failed = 0; #Dropped = 0
Target Time = 144.5; Load Intensity = 0.0; #Success = 2; #Failed = 1; #Dropped = 4850
  └─ [nitro5:sd] end 23:51:30
  └─ [nitro5:ram] end 23:51:31
Target Time = 145.5; Load Intensity = 0.0; #Success = 0; #Failed = 0; #Dropped = 0
  └─ [nitro5:nic] end 23:51:31
  └─ [nitro5:cpu] end 23:51:31
Target Time = 146.5; Load Intensity = 0.0; #Success = 0; #Failed = 0; #Dropped = 0
Target Time = 147.5; Load Intensity = 0.0; #Success = 0; #Failed = 0; #Dropped = 0
Target Time = 148.5; Load Intensity = 0.0; #Success = 0; #Failed = 0; #Dropped = 0
Target Time = 149.5; Load Intensity = 0.0; #Success = 1; #Failed = 6; #Dropped = 10631
Target Time = 150.5; Load Intensity = 0.0; #Success = 2; #Failed = 0; #Dropped = 125
Target Time = 151.5; Load Intensity = 0.0; #Success = 0; #Failed = 0; #Dropped = 0
Target Time = 152.5; Load Intensity = 0.0; #Success = 2; #Failed = 0; #Dropped = 0
Target Time = 153.5; Load Intensity = 0.0; #Success = 0; #Failed = 0; #Dropped = 0
Target Time = 154.5; Load Intensity = 0.0; #Success = 1; #Failed = 0; #Dropped = 0
Target Time = 155.5; Load Intensity = 0.0; #Success = 2; #Failed = 0; #Dropped = 0
Target Time = 156.5; Load Intensity = 0.0; #Success = 0; #Failed = 0; #Dropped = 0
Target Time = 157.5; Load Intensity = 0.0; #Success = 1; #Failed = 0; #Dropped = 0
Target Time = 158.5; Load Intensity = 0.0; #Success = 1; #Failed = 0; #Dropped = 0
Target Time = 159.5; Load Intensity = 0.0; #Success = 0; #Failed = 0; #Dropped = 0
Target Time = 160.5; Load Intensity = 0.0; #Success = 3; #Failed = 1; #Dropped = 0
Target Time = 161.5; Load Intensity = 0.0; #Success = 2; #Failed = 0; #Dropped = 0
Target Time = 162.5; Load Intensity = 0.0; #Success = 8; #Failed = 0; #Dropped = 0
Target Time = 163.5; Load Intensity = 0.0; #Success = 4; #Failed = 3; #Dropped = 0
Target Time = 164.5; Load Intensity = 0.0; #Success = 4; #Failed = 6; #Dropped = 0
Target Time = 165.5; Load Intensity = 0.0; #Success = 22; #Failed = 0; #Dropped = 0
Target Time = 166.5; Load Intensity = 0.0; #Success = 0; #Failed = 0; #Dropped = 0
Target Time = 167.5; Load Intensity = 0.0; #Success = 0; #Failed = 0; #Dropped = 0
  └─ [scorpius:nic] end 23:51:54
Target Time = 168.5; Load Intensity = 0.0; #Success = 0; #Failed = 0; #Dropped = 0
  └─ [aspire:nic] end 23:51:54
  └─ [leo:nic] end 23:51:55
Connection timed out during banner exchange
Connection to 192.168.18.37 port 22 timed out
Target Time = 169.5; Load Intensity = 0.0; #Success = 0; #Failed = 0; #Dropped = 0
Target Time = 170.5; Load Intensity = 0.0; #Success = 0; #Failed = 0; #Dropped = 0
  └─ [leo:cpu] end 23:51:56
  └─ [scorpius:cpu] end 23:51:56
  └─ [scorpius:ram] end 23:51:57
  └─ [aspire:cpu] end 23:51:57
  └─ [aspire:ram] end 23:51:57
Target Time = 171.5; Load Intensity = 0.0; #Success = 1; #Failed = 0; #Dropped = 0
  └─ [scorpius:sd] end 23:51:58
Target Time = 172.5; Load Intensity = 0.0; #Success = 0; #Failed = 0; #Dropped = 0
  └─ [leo:sd] end 23:51:58
  └─ [leo:ram] end 23:51:58
=== Bloque 145s terminado - Fase: fase3_carga_high_iter1 ===
[🧹] Limpiando CSVs internos de ecofloc en cada nodo (fase: fase3_carga_high_iter1)...
  ✔ [nitro5:cpu] limpiado /home/luish/Documents/p3/ecofloc2/ecofloc/ecofloc-cpu/ECOFLOC_CPU_COMM_text.csv
  ✔ [nitro5:nic] limpiado /home/luish/Documents/p3/ecofloc2/ecofloc/ecofloc-nic/ECOFLOC_NIC_COMM_text.csv
  ✔ [nitro5:ram] limpiado /home/luish/Documents/p3/ecofloc2/ecofloc/ecofloc-ram/ECOFLOC_RAM_COMM_text.csv
  ✔ [nitro5:sd] limpiado /home/luish/Documents/p3/ecofloc2/ecofloc/ecofloc-sd/ECOFLOC_SD_COMM_text.csv
  ✔ [leo:cpu] limpiado /home/leo/ecofloc/ecofloc-cpu/ECOFLOC_CPU_COMM_text.csv
Target Time = 173.5; Load Intensity = 0.0; #Success = 0; #Failed = 1; #Dropped = 0
  ✔ [leo:nic] limpiado /home/leo/ecofloc/ecofloc-nic/ECOFLOC_NIC_COMM_text.csv
  ✔ [leo:ram] limpiado /home/leo/ecofloc/ecofloc-ram/ECOFLOC_RAM_COMM_text.csv
  ✔ [leo:sd] limpiado /home/leo/ecofloc/ecofloc-sd/ECOFLOC_SD_COMM_text.csv
  ✔ [aspire:cpu] limpiado /home/luish/Documents/p3/ecofloc2/ecofloc/ecofloc-cpu/ECOFLOC_CPU_COMM_text.csv
  ✔ [aspire:nic] limpiado /home/luish/Documents/p3/ecofloc2/ecofloc/ecofloc-nic/ECOFLOC_NIC_COMM_text.csv
  ✔ [aspire:ram] limpiado /home/luish/Documents/p3/ecofloc2/ecofloc/ecofloc-ram/ECOFLOC_RAM_COMM_text.csv
  ✔ [aspire:sd] limpiado /home/luish/Documents/p3/ecofloc2/ecofloc/ecofloc-sd/ECOFLOC_SD_COMM_text.csv
  ✔ [scorpius:cpu] limpiado /home/scorpius03/Documents/ecofloc/ecofloc-cpu/ECOFLOC_CPU_COMM_text.csv
  ✔ [scorpius:nic] limpiado /home/scorpius03/Documents/ecofloc/ecofloc-nic/ECOFLOC_NIC_COMM_text.csv
  ✔ [scorpius:ram] limpiado /home/scorpius03/Documents/ecofloc/ecofloc-ram/ECOFLOC_RAM_COMM_text.csv
  ✔ [scorpius:sd] limpiado /home/scorpius03/Documents/ecofloc/ecofloc-sd/ECOFLOC_SD_COMM_text.csv
========================================
🔋 MEASURE ENERGY FINALIZADO
   Fase: fase3_carga_high_iter1
========================================
Workload finished.
Log finished.
📄 LIMBO finalizado para scenario=high
⏳ [23:52:04] Esperando que termine medición: fase3_carga_high_iter1 (PID: 648968)
✔️ [23:52:04] Medición fase3_carga_high_iter1 completada
[📦] Archivando resultados → ./historyexecutions/exp(23:52:09)_fase3_high_iter1
[✔] Archivado: ./historyexecutions/exp(23:52:09)_fase3_high_iter1
🧹 Limpiando TeaStore (iter 1)...
⏸ Esperando 15s para limpieza completa...
✅ Iteración 1 / 15 del escenario high completada.

########################################################
🔄 ESCENARIO: high | ITERACIÓN: 2 / 15
   Hora: 23:52:57
########################################################
========================================
🔋 FASE 1: Descarga de imágenes (high, iter 2)
========================================
📋 Capturando PIDs (gepidstea.sh)...
📋 Capturando PIDs de contenedores (kpsnodos.sh)...
🔋 [23:53:15] Iniciando medición de energía: fase1_descarga_high_iter2 (25s)
   PID de medición: 1010771
🚀 Desplegando TeaStore desde /home/luish/Documents/death/teastore/TeaStore/examples/kubernetes/teastore-energy-scheduler.yaml...
========================================
🔋 MEASURE ENERGY - Fase: fase1_descarga_high_iter2
   Duración: 25s
   PID: 1010771
========================================
=== Medición bloque 25s - Fase: fase1_descarga_high_iter2 ===
[⏱ 23:53:15] Iniciando ecofloc en nitro5 por 25s (fase: fase1_descarga_high_iter2)
⏳ Esperando a que todos los pods de TeaStore estén Running y Ready...
  ├─ [nitro5:sd] start 23:53:15
  ├─ [nitro5:ram] start 23:53:15
  ├─ [nitro5:nic] start 23:53:16
[⏱ 23:53:16] Iniciando ecofloc en aspire por 25s (fase: fase1_descarga_high_iter2)
  ├─ [nitro5:cpu] start 23:53:16
  ├─ [aspire:sd] start 23:53:16
  ├─ [aspire:ram] start 23:53:16
  ├─ [aspire:nic] start 23:53:16
[⏱ 23:53:16] Iniciando ecofloc en scorpius por 25s (fase: fase1_descarga_high_iter2)
  ├─ [aspire:cpu] start 23:53:16
  ├─ [scorpius:sd] start 23:53:16
  ├─ [scorpius:ram] start 23:53:16
  ├─ [scorpius:nic] start 23:53:16
[⏱ 23:53:16] Iniciando ecofloc en leo por 25s (fase: fase1_descarga_high_iter2)
  ├─ [scorpius:cpu] start 23:53:16
  ├─ [leo:sd] start 23:53:16
  ├─ [leo:ram] start 23:53:16
  ├─ [leo:nic] start 23:53:16
  ├─ [leo:cpu] start 23:53:16
  └─ [nitro5:sd] end 23:53:40
  └─ [nitro5:ram] end 23:53:40
  └─ [nitro5:nic] end 23:53:41
  └─ [nitro5:cpu] end 23:53:41
  └─ [aspire:sd] end 23:53:52
  └─ [aspire:nic] end 23:53:52
  └─ [leo:cpu] end 23:53:52
  └─ [aspire:cpu] end 23:53:52
  └─ [scorpius:cpu] end 23:53:53
  └─ [aspire:ram] end 23:53:53
  └─ [leo:nic] end 23:53:53
  └─ [leo:ram] end 23:53:54
  └─ [leo:sd] end 23:53:54
  └─ [scorpius:nic] end 23:53:54
  └─ [scorpius:sd] end 23:53:56
  └─ [scorpius:ram] end 23:53:57
=== Bloque 25s terminado - Fase: fase1_descarga_high_iter2 ===
[🧹] Limpiando CSVs internos de ecofloc en cada nodo (fase: fase1_descarga_high_iter2)...
  ✔ [nitro5:cpu] limpiado /home/luish/Documents/p3/ecofloc2/ecofloc/ecofloc-cpu/ECOFLOC_CPU_COMM_text.csv
  ✔ [nitro5:nic] limpiado /home/luish/Documents/p3/ecofloc2/ecofloc/ecofloc-nic/ECOFLOC_NIC_COMM_text.csv
  ✔ [nitro5:ram] limpiado /home/luish/Documents/p3/ecofloc2/ecofloc/ecofloc-ram/ECOFLOC_RAM_COMM_text.csv
  ✔ [nitro5:sd] limpiado /home/luish/Documents/p3/ecofloc2/ecofloc/ecofloc-sd/ECOFLOC_SD_COMM_text.csv
  ✔ [leo:cpu] limpiado /home/leo/ecofloc/ecofloc-cpu/ECOFLOC_CPU_COMM_text.csv
  ✔ [leo:nic] limpiado /home/leo/ecofloc/ecofloc-nic/ECOFLOC_NIC_COMM_text.csv
  ✔ [leo:ram] limpiado /home/leo/ecofloc/ecofloc-ram/ECOFLOC_RAM_COMM_text.csv
  ✔ [leo:sd] limpiado /home/leo/ecofloc/ecofloc-sd/ECOFLOC_SD_COMM_text.csv
  ✔ [aspire:cpu] limpiado /home/luish/Documents/p3/ecofloc2/ecofloc/ecofloc-cpu/ECOFLOC_CPU_COMM_text.csv
  ✔ [aspire:nic] limpiado /home/luish/Documents/p3/ecofloc2/ecofloc/ecofloc-nic/ECOFLOC_NIC_COMM_text.csv
  ✔ [aspire:ram] limpiado /home/luish/Documents/p3/ecofloc2/ecofloc/ecofloc-ram/ECOFLOC_RAM_COMM_text.csv
  ✔ [aspire:sd] limpiado /home/luish/Documents/p3/ecofloc2/ecofloc/ecofloc-sd/ECOFLOC_SD_COMM_text.csv
  ✔ [scorpius:cpu] limpiado /home/scorpius03/Documents/ecofloc/ecofloc-cpu/ECOFLOC_CPU_COMM_text.csv
  ✔ [scorpius:nic] limpiado /home/scorpius03/Documents/ecofloc/ecofloc-nic/ECOFLOC_NIC_COMM_text.csv
  ✔ [scorpius:ram] limpiado /home/scorpius03/Documents/ecofloc/ecofloc-ram/ECOFLOC_RAM_COMM_text.csv
  ✔ [scorpius:sd] limpiado /home/scorpius03/Documents/ecofloc/ecofloc-sd/ECOFLOC_SD_COMM_text.csv
========================================
🔋 MEASURE ENERGY FINALIZADO
   Fase: fase1_descarga_high_iter2
========================================
⚠️ Algunos pods aún no están listos. Estado actual:
NAME                                    READY   STATUS              RESTARTS   AGE   IP               NODE                    NOMINATED NODE   READINESS GATES
teastore-auth-9db4fff68-k9rqj           1/1     Running             0          2m    172.16.91.9      scorpius03              <none>           <none>
teastore-db-6f845f696c-d5s5c            1/1     Running             0          2m    172.16.91.6      scorpius03              <none>           <none>
teastore-image-68d79b6fc5-nq5s9         1/1     Running             0          2m    172.16.139.196   luish-aspire-a315-55g   <none>           <none>
teastore-persistence-857fd5fb9b-cd2wt   1/1     Running             0          2m    172.16.91.8      scorpius03              <none>           <none>
teastore-recommender-75969f9dbc-pv8g8   0/1     ContainerCreating   0          2m    <none>           luish-nitro-an515-57    <none>           <none>
teastore-registry-8d49d9749-vxvfl       1/1     Running             0          2m    172.16.91.7      scorpius03              <none>           <none>
teastore-webui-ff7768544-r97j4          1/1     Running             0          2m    172.16.91.10     scorpius03              <none>           <none>
🔁 Reintentando espera...
✅ Pods listos.
⏳ [23:55:21] Esperando que termine medición: fase1_descarga_high_iter2 (PID: 1010771)
✔️ [23:55:21] Medición fase1_descarga_high_iter2 completada
[📦] Archivando resultados → ./historyexecutions/exp(23:55:26)_fase1_high_iter2
[✔] Archivado: ./historyexecutions/exp(23:55:26)_fase1_high_iter2
========================================
🔋 FASE 2: Preparación de servicios (high, iter 2)
========================================
📋 Capturando PIDs (gepidstea.sh)...
📋 Capturando PIDs de contenedores (kpsnodos.sh)...
🔋 [23:55:41] Iniciando medición de energía: fase2_preparacion_high_iter2 (50s)
   PID de medición: 1077582
========================================
🔋 MEASURE ENERGY - Fase: fase2_preparacion_high_iter2
   Duración: 50s
   PID: 1077582
========================================
=== Medición bloque 50s - Fase: fase2_preparacion_high_iter2 ===
[⏱ 23:55:41] Iniciando ecofloc en nitro5 por 50s (fase: fase2_preparacion_high_iter2)
⏳ Esperando 10s a que CoreDNS se estabilice...
  ├─ [nitro5:sd] start 23:55:42
  ├─ [nitro5:ram] start 23:55:42
  ├─ [nitro5:nic] start 23:55:43
[⏱ 23:55:43] Iniciando ecofloc en aspire por 50s (fase: fase2_preparacion_high_iter2)
  ├─ [nitro5:cpu] start 23:55:43
  ├─ [aspire:sd] start 23:55:43
  ├─ [aspire:ram] start 23:55:43
  ├─ [aspire:nic] start 23:55:43
[⏱ 23:55:43] Iniciando ecofloc en scorpius por 50s (fase: fase2_preparacion_high_iter2)
  ├─ [aspire:cpu] start 23:55:43
  ├─ [scorpius:sd] start 23:55:43
  ├─ [scorpius:ram] start 23:55:43
  ├─ [scorpius:nic] start 23:55:43
[⏱ 23:55:43] Iniciando ecofloc en leo por 50s (fase: fase2_preparacion_high_iter2)
  ├─ [scorpius:cpu] start 23:55:43
  ├─ [leo:sd] start 23:55:43
  ├─ [leo:nic] start 23:55:43
  ├─ [leo:cpu] start 23:55:43
  ├─ [leo:ram] start 23:55:43
➡️ Pod WebUI: teastore-webui-ff7768544-r97j4
➡️ Está en el nodo: scorpius03
🌐 IP del nodo WebUI: 192.168.18.34
⏳ Verificando estado del TeaStore en http://192.168.18.34:30080/tools.descartes.teastore.webui/status ...
   ➤ Estado actual: 5 / 5 servicios OK
✔ TODOS los servicios del TeaStore están OK. Continuando...
⏳ [23:55:58] Esperando que termine medición: fase2_preparacion_high_iter2 (PID: 1077582)
  └─ [nitro5:sd] end 23:56:32
  └─ [nitro5:ram] end 23:56:32
  └─ [nitro5:nic] end 23:56:33
  └─ [nitro5:cpu] end 23:56:33
  └─ [scorpius:sd] end 23:56:34
  └─ [aspire:cpu] end 23:56:34
  └─ [aspire:sd] end 23:56:34
  └─ [leo:cpu] end 23:56:35
  └─ [leo:sd] end 23:56:35
  └─ [scorpius:cpu] end 23:56:36
  └─ [leo:nic] end 23:56:36
  └─ [aspire:ram] end 23:56:36
  └─ [leo:ram] end 23:56:36
  └─ [aspire:nic] end 23:56:36
  └─ [scorpius:ram] end 23:56:36
  └─ [scorpius:nic] end 23:56:37
=== Bloque 50s terminado - Fase: fase2_preparacion_high_iter2 ===
[🧹] Limpiando CSVs internos de ecofloc en cada nodo (fase: fase2_preparacion_high_iter2)...
  ✔ [nitro5:cpu] limpiado /home/luish/Documents/p3/ecofloc2/ecofloc/ecofloc-cpu/ECOFLOC_CPU_COMM_text.csv
  ✔ [nitro5:nic] limpiado /home/luish/Documents/p3/ecofloc2/ecofloc/ecofloc-nic/ECOFLOC_NIC_COMM_text.csv
  ✔ [nitro5:ram] limpiado /home/luish/Documents/p3/ecofloc2/ecofloc/ecofloc-ram/ECOFLOC_RAM_COMM_text.csv
  ✔ [nitro5:sd] limpiado /home/luish/Documents/p3/ecofloc2/ecofloc/ecofloc-sd/ECOFLOC_SD_COMM_text.csv
  ✔ [leo:cpu] limpiado /home/leo/ecofloc/ecofloc-cpu/ECOFLOC_CPU_COMM_text.csv
  ✔ [leo:nic] limpiado /home/leo/ecofloc/ecofloc-nic/ECOFLOC_NIC_COMM_text.csv
  ✔ [leo:ram] limpiado /home/leo/ecofloc/ecofloc-ram/ECOFLOC_RAM_COMM_text.csv
  ✔ [leo:sd] limpiado /home/leo/ecofloc/ecofloc-sd/ECOFLOC_SD_COMM_text.csv
  ✔ [aspire:cpu] limpiado /home/luish/Documents/p3/ecofloc2/ecofloc/ecofloc-cpu/ECOFLOC_CPU_COMM_text.csv
  ✔ [aspire:nic] limpiado /home/luish/Documents/p3/ecofloc2/ecofloc/ecofloc-nic/ECOFLOC_NIC_COMM_text.csv
  ✔ [aspire:ram] limpiado /home/luish/Documents/p3/ecofloc2/ecofloc/ecofloc-ram/ECOFLOC_RAM_COMM_text.csv
  ✔ [aspire:sd] limpiado /home/luish/Documents/p3/ecofloc2/ecofloc/ecofloc-sd/ECOFLOC_SD_COMM_text.csv
  ✔ [scorpius:cpu] limpiado /home/scorpius03/Documents/ecofloc/ecofloc-cpu/ECOFLOC_CPU_COMM_text.csv
  ✔ [scorpius:nic] limpiado /home/scorpius03/Documents/ecofloc/ecofloc-nic/ECOFLOC_NIC_COMM_text.csv
  ✔ [scorpius:ram] limpiado /home/scorpius03/Documents/ecofloc/ecofloc-ram/ECOFLOC_RAM_COMM_text.csv
  ✔ [scorpius:sd] limpiado /home/scorpius03/Documents/ecofloc/ecofloc-sd/ECOFLOC_SD_COMM_text.csv
========================================
🔋 MEASURE ENERGY FINALIZADO
   Fase: fase2_preparacion_high_iter2
========================================
✔️ [23:56:40] Medición fase2_preparacion_high_iter2 completada
[📦] Archivando resultados → ./historyexecutions/exp(23:56:45)_fase2_high_iter2
