========================================
🔬 EXPERIMENTO: HIGH=15, LOW=0, MED=0
   Escenarios: 3
   Total ejecuciones: 15
   Inicio: 2026-02-26 23:46:19
========================================
⏭ Saltando escenario low (0 iteraciones configuradas)
⏭ Saltando escenario medium (0 iteraciones configuradas)

########################################################
🔄 ESCENARIO: high | ITERACIÓN: 1 / 15
   Hora: 23:46:19
########################################################
========================================
🔋 FASE 1: Descarga de imágenes (high, iter 1)
========================================
📋 Capturando PIDs (gepidstea.sh)...
📋 Capturando PIDs de contenedores (kpsnodos.sh)...
🔋 [23:46:39] Iniciando medición de energía: fase1_descarga_high_iter1 (25s)
   PID de medición: 446844
🚀 Desplegando TeaStore desde /home/luish/Documents/death/teastore/TeaStore/examples/kubernetes/teastore-energy-scheduler.yaml...
========================================
🔋 MEASURE ENERGY - Fase: fase1_descarga_high_iter1
   Duración: 25s
   PID: 446844
========================================
=== Medición bloque 25s - Fase: fase1_descarga_high_iter1 ===
[⏱ 23:46:39] Iniciando ecofloc en nitro5 por 25s (fase: fase1_descarga_high_iter1)
⏳ Esperando a que todos los pods de TeaStore estén Running y Ready...
  ├─ [nitro5:sd] start 23:46:40
  ├─ [nitro5:ram] start 23:46:40
  ├─ [nitro5:nic] start 23:46:41
[⏱ 23:46:41] Iniciando ecofloc en aspire por 25s (fase: fase1_descarga_high_iter1)
  ├─ [nitro5:cpu] start 23:46:41
  ├─ [aspire:sd] start 23:46:41
  ├─ [aspire:ram] start 23:46:41
[⏱ 23:46:41] Iniciando ecofloc en scorpius por 25s (fase: fase1_descarga_high_iter1)
  ├─ [aspire:nic] start 23:46:41
  ├─ [aspire:cpu] start 23:46:41
  ├─ [scorpius:sd] start 23:46:41
  ├─ [scorpius:ram] start 23:46:41
[⏱ 23:46:41] Iniciando ecofloc en leo por 25s (fase: fase1_descarga_high_iter1)
  ├─ [scorpius:nic] start 23:46:41
  ├─ [scorpius:cpu] start 23:46:41
  ├─ [leo:sd] start 23:46:41
  ├─ [leo:ram] start 23:46:41
  ├─ [leo:nic] start 23:46:41
  ├─ [leo:cpu] start 23:46:41
✅ Pods listos.
⏳ [23:46:43] Esperando que termine medición: fase1_descarga_high_iter1 (PID: 446844)
  └─ [nitro5:sd] end 23:47:05
  └─ [nitro5:ram] end 23:47:05
  └─ [nitro5:nic] end 23:47:06
  └─ [nitro5:cpu] end 23:47:06
  └─ [aspire:sd] end 23:47:07
  └─ [aspire:cpu] end 23:47:07
  └─ [leo:cpu] end 23:47:07
  └─ [leo:sd] end 23:47:07
  └─ [scorpius:cpu] end 23:47:07
  └─ [aspire:nic] end 23:47:08
  └─ [scorpius:sd] end 23:47:08
  └─ [leo:nic] end 23:47:08
  └─ [aspire:ram] end 23:47:08
  └─ [scorpius:nic] end 23:47:09
  └─ [scorpius:ram] end 23:47:09
  └─ [leo:ram] end 23:47:09
=== Bloque 25s terminado - Fase: fase1_descarga_high_iter1 ===
[🧹] Limpiando CSVs internos de ecofloc en cada nodo (fase: fase1_descarga_high_iter1)...
  ✔ [nitro5:cpu] limpiado /home/luish/Documents/p3/ecofloc2/ecofloc/ecofloc-cpu/ECOFLOC_CPU_COMM_text.csv
  ✔ [nitro5:nic] limpiado /home/luish/Documents/p3/ecofloc2/ecofloc/ecofloc-nic/ECOFLOC_NIC_COMM_text.csv
  ✔ [nitro5:ram] limpiado /home/luish/Documents/p3/ecofloc2/ecofloc/ecofloc-ram/ECOFLOC_RAM_COMM_text.csv
  ✔ [nitro5:sd] limpiado /home/luish/Documents/p3/ecofloc2/ecofloc/ecofloc-sd/ECOFLOC_SD_COMM_text.csv
  ✔ [leo:cpu] limpiado /home/leo/ecofloc/ecofloc-cpu/ECOFLOC_CPU_COMM_text.csv
  ✔ [leo:nic] limpiado /home/leo/ecofloc/ecofloc-nic/ECOFLOC_NIC_COMM_text.csv
  ✔ [leo:ram] limpiado /home/leo/ecofloc/ecofloc-ram/ECOFLOC_RAM_COMM_text.csv
  ✔ [leo:sd] limpiado /home/leo/ecofloc/ecofloc-sd/ECOFLOC_SD_COMM_text.csv
  ✔ [aspire:cpu] limpiado /home/luish/Documents/p3/ecofloc2/ecofloc/ecofloc-cpu/ECOFLOC_CPU_COMM_text.csv
  ✔ [aspire:nic] limpiado /home/luish/Documents/p3/ecofloc2/ecofloc/ecofloc-nic/ECOFLOC_NIC_COMM_text.csv
  ✔ [aspire:ram] limpiado /home/luish/Documents/p3/ecofloc2/ecofloc/ecofloc-ram/ECOFLOC_RAM_COMM_text.csv
  ✔ [aspire:sd] limpiado /home/luish/Documents/p3/ecofloc2/ecofloc/ecofloc-sd/ECOFLOC_SD_COMM_text.csv
  ✔ [scorpius:cpu] limpiado /home/scorpius03/Documents/ecofloc/ecofloc-cpu/ECOFLOC_CPU_COMM_text.csv
  ✔ [scorpius:nic] limpiado /home/scorpius03/Documents/ecofloc/ecofloc-nic/ECOFLOC_NIC_COMM_text.csv
  ✔ [scorpius:ram] limpiado /home/scorpius03/Documents/ecofloc/ecofloc-ram/ECOFLOC_RAM_COMM_text.csv
  ✔ [scorpius:sd] limpiado /home/scorpius03/Documents/ecofloc/ecofloc-sd/ECOFLOC_SD_COMM_text.csv
========================================
🔋 MEASURE ENERGY FINALIZADO
   Fase: fase1_descarga_high_iter1
========================================
✔️ [23:47:21] Medición fase1_descarga_high_iter1 completada
[📦] Archivando resultados → ./historyexecutions/exp(23:47:26)_fase1_high_iter1
