========================================
🔬 EXPERIMENTO: HIGH=15, LOW=15, MED=13
   Escenarios: 3
   Total ejecuciones: 43
   Inicio: 2026-02-26 00:40:47
========================================

########################################################
🔄 ESCENARIO: low | ITERACIÓN: 1 / 15
   Hora: 00:40:47
########################################################
========================================
🔋 FASE 1: Descarga de imágenes (low, iter 1)
========================================
📋 Capturando PIDs (gepidstea.sh)...
📋 Capturando PIDs de contenedores (kpsnodos.sh)...
🔋 [00:41:08] Iniciando medición de energía: fase1_descarga_low_iter1 (25s)
   PID de medición: 1287403
🚀 Desplegando TeaStore desde /home/luish/Documents/death/teastore/TeaStore/examples/kubernetes/teastore-energy-scheduler.yaml...
========================================
🔋 MEASURE ENERGY - Fase: fase1_descarga_low_iter1
   Duración: 25s
   PID: 1287403
========================================
=== Medición bloque 25s - Fase: fase1_descarga_low_iter1 ===
[⏱ 00:41:08] Iniciando ecofloc en nitro5 por 25s (fase: fase1_descarga_low_iter1)
⏳ Esperando a que todos los pods de TeaStore estén Running y Ready...
  ├─ [nitro5:sd] start 00:41:09
  ├─ [nitro5:ram] start 00:41:09
  ├─ [nitro5:nic] start 00:41:09
[⏱ 00:41:10] Iniciando ecofloc en aspire por 25s (fase: fase1_descarga_low_iter1)
  ├─ [nitro5:cpu] start 00:41:10
  ├─ [aspire:sd] start 00:41:10
  ├─ [aspire:ram] start 00:41:10
  ├─ [aspire:nic] start 00:41:10
[⏱ 00:41:10] Iniciando ecofloc en scorpius por 25s (fase: fase1_descarga_low_iter1)
  ├─ [aspire:cpu] start 00:41:10
  ├─ [scorpius:sd] start 00:41:10
  ├─ [scorpius:ram] start 00:41:10
[⏱ 00:41:10] Iniciando ecofloc en leo por 25s (fase: fase1_descarga_low_iter1)
  ├─ [scorpius:nic] start 00:41:10
  ├─ [scorpius:cpu] start 00:41:10
  ├─ [leo:sd] start 00:41:10
  ├─ [leo:ram] start 00:41:10
  ├─ [leo:nic] start 00:41:10
  ├─ [leo:cpu] start 00:41:10
✅ Pods listos.
⏳ [00:41:13] Esperando que termine medición: fase1_descarga_low_iter1 (PID: 1287403)
  └─ [nitro5:sd] end 00:41:34
  └─ [nitro5:ram] end 00:41:34
  └─ [nitro5:nic] end 00:41:34
  └─ [nitro5:cpu] end 00:41:35
  └─ [aspire:cpu] end 00:41:37
  └─ [aspire:sd] end 00:41:37
  └─ [leo:sd] end 00:41:37
  └─ [leo:nic] end 00:41:37
  └─ [aspire:nic] end 00:41:37
  └─ [scorpius:sd] end 00:41:37
  └─ [leo:cpu] end 00:41:37
  └─ [scorpius:cpu] end 00:41:37
  └─ [aspire:ram] end 00:41:37
  └─ [leo:ram] end 00:41:38
  └─ [scorpius:nic] end 00:41:38
  └─ [scorpius:ram] end 00:41:38
=== Bloque 25s terminado - Fase: fase1_descarga_low_iter1 ===
[🧹] Limpiando CSVs internos de ecofloc en cada nodo (fase: fase1_descarga_low_iter1)...
  ✔ [nitro5:cpu] limpiado /home/luish/Documents/p3/ecofloc2/ecofloc/ecofloc-cpu/ECOFLOC_CPU_COMM_text.csv
  ✔ [nitro5:nic] limpiado /home/luish/Documents/p3/ecofloc2/ecofloc/ecofloc-nic/ECOFLOC_NIC_COMM_text.csv
  ✔ [nitro5:ram] limpiado /home/luish/Documents/p3/ecofloc2/ecofloc/ecofloc-ram/ECOFLOC_RAM_COMM_text.csv
  ✔ [nitro5:sd] limpiado /home/luish/Documents/p3/ecofloc2/ecofloc/ecofloc-sd/ECOFLOC_SD_COMM_text.csv
  ✔ [leo:cpu] limpiado /home/leo/ecofloc/ecofloc-cpu/ECOFLOC_CPU_COMM_text.csv
  ✔ [leo:nic] limpiado /home/leo/ecofloc/ecofloc-nic/ECOFLOC_NIC_COMM_text.csv
  ✔ [leo:ram] limpiado /home/leo/ecofloc/ecofloc-ram/ECOFLOC_RAM_COMM_text.csv
  ✔ [leo:sd] limpiado /home/leo/ecofloc/ecofloc-sd/ECOFLOC_SD_COMM_text.csv
  ✔ [aspire:cpu] limpiado /home/luish/Documents/p3/ecofloc2/ecofloc/ecofloc-cpu/ECOFLOC_CPU_COMM_text.csv
  ✔ [aspire:nic] limpiado /home/luish/Documents/p3/ecofloc2/ecofloc/ecofloc-nic/ECOFLOC_NIC_COMM_text.csv
  ✔ [aspire:ram] limpiado /home/luish/Documents/p3/ecofloc2/ecofloc/ecofloc-ram/ECOFLOC_RAM_COMM_text.csv
  ✔ [aspire:sd] limpiado /home/luish/Documents/p3/ecofloc2/ecofloc/ecofloc-sd/ECOFLOC_SD_COMM_text.csv
  ✔ [scorpius:cpu] limpiado /home/scorpius03/Documents/ecofloc/ecofloc-cpu/ECOFLOC_CPU_COMM_text.csv
  ✔ [scorpius:nic] limpiado /home/scorpius03/Documents/ecofloc/ecofloc-nic/ECOFLOC_NIC_COMM_text.csv
  ✔ [scorpius:ram] limpiado /home/scorpius03/Documents/ecofloc/ecofloc-ram/ECOFLOC_RAM_COMM_text.csv
  ✔ [scorpius:sd] limpiado /home/scorpius03/Documents/ecofloc/ecofloc-sd/ECOFLOC_SD_COMM_text.csv
========================================
🔋 MEASURE ENERGY FINALIZADO
   Fase: fase1_descarga_low_iter1
========================================
✔️ [00:41:42] Medición fase1_descarga_low_iter1 completada
[📦] Archivando resultados → ./historyexecutions/exp(00:41:47)_fase1_low_iter1
[✔] Archivado: ./historyexecutions/exp(00:41:47)_fase1_low_iter1
========================================
🔋 FASE 2: Preparación de servicios (low, iter 1)
========================================
📋 Capturando PIDs (gepidstea.sh)...
📋 Capturando PIDs de contenedores (kpsnodos.sh)...
🔋 [00:42:03] Iniciando medición de energía: fase2_preparacion_low_iter1 (50s)
   PID de medición: 1352145
========================================
🔋 MEASURE ENERGY - Fase: fase2_preparacion_low_iter1
   Duración: 50s
   PID: 1352145
========================================
=== Medición bloque 50s - Fase: fase2_preparacion_low_iter1 ===
[⏱ 00:42:03] Iniciando ecofloc en nitro5 por 50s (fase: fase2_preparacion_low_iter1)
⏳ Esperando 10s a que CoreDNS se estabilice...
  ├─ [nitro5:sd] start 00:42:04
  ├─ [nitro5:ram] start 00:42:04
  ├─ [nitro5:nic] start 00:42:04
[⏱ 00:42:05] Iniciando ecofloc en aspire por 50s (fase: fase2_preparacion_low_iter1)
  ├─ [nitro5:cpu] start 00:42:05
  ├─ [aspire:sd] start 00:42:05
  ├─ [aspire:ram] start 00:42:05
[⏱ 00:42:05] Iniciando ecofloc en scorpius por 50s (fase: fase2_preparacion_low_iter1)
  ├─ [aspire:nic] start 00:42:05
  ├─ [aspire:cpu] start 00:42:05
  ├─ [scorpius:sd] start 00:42:05
  ├─ [scorpius:ram] start 00:42:05
  ├─ [scorpius:nic] start 00:42:05
[⏱ 00:42:05] Iniciando ecofloc en leo por 50s (fase: fase2_preparacion_low_iter1)
  ├─ [scorpius:cpu] start 00:42:05
  ├─ [leo:ram] start 00:42:05
  ├─ [leo:nic] start 00:42:05
  ├─ [leo:sd] start 00:42:05
  ├─ [leo:cpu] start 00:42:05
➡️ Pod WebUI: teastore-webui-ff7768544-kfltk
➡️ Está en el nodo: luish-nitro-an515-57
🌐 IP del nodo WebUI: 192.168.18.27
⏳ Verificando estado del TeaStore en http://192.168.18.27:30080/tools.descartes.teastore.webui/status ...
   ➤ Estado actual: 5 / 5 servicios OK
✔ TODOS los servicios del TeaStore están OK. Continuando...
⏳ [00:42:16] Esperando que termine medición: fase2_preparacion_low_iter1 (PID: 1352145)
  └─ [nitro5:sd] end 00:42:54
  └─ [nitro5:ram] end 00:42:54
  └─ [nitro5:nic] end 00:42:54
  └─ [nitro5:cpu] end 00:42:55
  └─ [scorpius:cpu] end 00:42:55
  └─ [aspire:cpu] end 00:42:56
  └─ [scorpius:sd] end 00:42:56
  └─ [leo:cpu] end 00:42:57
  └─ [leo:sd] end 00:42:57
  └─ [aspire:nic] end 00:42:57
  └─ [aspire:ram] end 00:42:57
  └─ [scorpius:nic] end 00:42:57
  └─ [scorpius:ram] end 00:42:59
  └─ [leo:ram] end 00:42:59
  └─ [leo:nic] end 00:43:00
=== Bloque 50s terminado - Fase: fase2_preparacion_low_iter1 ===
[🧹] Limpiando CSVs internos de ecofloc en cada nodo (fase: fase2_preparacion_low_iter1)...
  ✔ [nitro5:cpu] limpiado /home/luish/Documents/p3/ecofloc2/ecofloc/ecofloc-cpu/ECOFLOC_CPU_COMM_text.csv
  ✔ [nitro5:nic] limpiado /home/luish/Documents/p3/ecofloc2/ecofloc/ecofloc-nic/ECOFLOC_NIC_COMM_text.csv
  ✔ [nitro5:ram] limpiado /home/luish/Documents/p3/ecofloc2/ecofloc/ecofloc-ram/ECOFLOC_RAM_COMM_text.csv
  ✔ [nitro5:sd] limpiado /home/luish/Documents/p3/ecofloc2/ecofloc/ecofloc-sd/ECOFLOC_SD_COMM_text.csv
  ✔ [leo:cpu] limpiado /home/leo/ecofloc/ecofloc-cpu/ECOFLOC_CPU_COMM_text.csv
  ✔ [leo:nic] limpiado /home/leo/ecofloc/ecofloc-nic/ECOFLOC_NIC_COMM_text.csv
  ✔ [leo:ram] limpiado /home/leo/ecofloc/ecofloc-ram/ECOFLOC_RAM_COMM_text.csv
  ✔ [leo:sd] limpiado /home/leo/ecofloc/ecofloc-sd/ECOFLOC_SD_COMM_text.csv
  ✔ [aspire:cpu] limpiado /home/luish/Documents/p3/ecofloc2/ecofloc/ecofloc-cpu/ECOFLOC_CPU_COMM_text.csv
  ✔ [aspire:nic] limpiado /home/luish/Documents/p3/ecofloc2/ecofloc/ecofloc-nic/ECOFLOC_NIC_COMM_text.csv
  ✔ [aspire:ram] limpiado /home/luish/Documents/p3/ecofloc2/ecofloc/ecofloc-ram/ECOFLOC_RAM_COMM_text.csv
  ✔ [aspire:sd] limpiado /home/luish/Documents/p3/ecofloc2/ecofloc/ecofloc-sd/ECOFLOC_SD_COMM_text.csv
  ✔ [scorpius:cpu] limpiado /home/scorpius03/Documents/ecofloc/ecofloc-cpu/ECOFLOC_CPU_COMM_text.csv
  ✔ [scorpius:nic] limpiado /home/scorpius03/Documents/ecofloc/ecofloc-nic/ECOFLOC_NIC_COMM_text.csv
  ✔ [scorpius:ram] limpiado /home/scorpius03/Documents/ecofloc/ecofloc-ram/ECOFLOC_RAM_COMM_text.csv
  ✔ [scorpius:sd] limpiado /home/scorpius03/Documents/ecofloc/ecofloc-sd/ECOFLOC_SD_COMM_text.csv
========================================
🔋 MEASURE ENERGY FINALIZADO
   Fase: fase2_preparacion_low_iter1
========================================
✔️ [00:43:04] Medición fase2_preparacion_low_iter1 completada
[📦] Archivando resultados → ./historyexecutions/exp(00:43:09)_fase2_low_iter1
[✔] Archivado: ./historyexecutions/exp(00:43:09)_fase2_low_iter1
========================================
🔋 FASE 3: Ejecución de carga (low, iter 1)
========================================
📋 Capturando PIDs (gepidstea.sh)...
📋 Capturando PIDs de contenedores (kpsnodos.sh)...
🔋 [00:43:29] Iniciando medición de energía: fase3_carga_low_iter1 (145s)
   PID de medición: 1488843
=== Escenario low (iter 1) ===
========================================
🔋 MEASURE ENERGY - Fase: fase3_carga_low_iter1
   Duración: 145s
   PID: 1488843
========================================
=== Medición bloque 145s - Fase: fase3_carga_low_iter1 ===
🚀 Iniciando LIMBO con profile=/home/luish/Documents/death/teastore/TeaStore/examples/httploadgenerator/increasingLowIntensity.csv y script=/home/luish/Documents/death/teastore/TeaStore/examples/httploadgenerator/teastore_buy.lua
[⏱ 00:43:29] Iniciando ecofloc en nitro5 por 145s (fase: fase3_carga_low_iter1)
Feb 26, 2026 12:43:29 AM tools.descartes.dlim.httploadgenerator.runner.Director executeDirector
WARNING: No power measurements
Feb 26, 2026 12:43:29 AM tools.descartes.dlim.httploadgenerator.runner.Director executeDirector
INFO: Load Generator Thread Count set to 64
Feb 26, 2026 12:43:29 AM tools.descartes.dlim.httploadgenerator.runner.Director executeDirector
INFO: URL connection timout set to 30000 ms
Feb 26, 2026 12:43:29 AM tools.descartes.dlim.httploadgenerator.runner.Director executeDirector
INFO: Using Lua Script: /home/luish/Documents/death/teastore/TeaStore/examples/httploadgenerator/teastore_buy.lua
Feb 26, 2026 12:43:29 AM tools.descartes.dlim.httploadgenerator.runner.Director process
INFO: Read 120 Arrival Rate Tuples
Load Generator sent: ok
Feb 26, 2026 12:43:29 AM tools.descartes.dlim.httploadgenerator.runner.Director process
INFO: Arrival Rates sent to Load Generator(s).
Load Generator sent: ok
Feb 26, 2026 12:43:29 AM tools.descartes.dlim.httploadgenerator.runner.Director process
INFO: Thread Count sent to Load Generator(s): 64
Load Generator sent: ok
Feb 26, 2026 12:43:29 AM tools.descartes.dlim.httploadgenerator.runner.Director process
INFO: URL connection timeout sent to Load Generator(s): 30000
Load Generator sent: ok
Feb 26, 2026 12:43:29 AM tools.descartes.dlim.httploadgenerator.runner.Director process
INFO: Contents of script sent to Load Generator: /home/luish/Documents/death/teastore/TeaStore/examples/httploadgenerator/teastore_buy.lua
Feb 26, 2026 12:43:29 AM tools.descartes.dlim.httploadgenerator.runner.Director process
INFO: Starting Load Generation
Beginning Run @1772084609752(26.02.2026;00:43:29752)
  ├─ [nitro5:sd] start 00:43:29
Target Time = 0.5; Load Intensity = 0.0; #Success = 0; #Failed = 0; #Dropped = 0
  ├─ [nitro5:ram] start 00:43:30
  ├─ [nitro5:nic] start 00:43:30
[⏱ 00:43:31] Iniciando ecofloc en aspire por 145s (fase: fase3_carga_low_iter1)
  ├─ [nitro5:cpu] start 00:43:31
  ├─ [aspire:sd] start 00:43:31
  ├─ [aspire:ram] start 00:43:31
[⏱ 00:43:31] Iniciando ecofloc en scorpius por 145s (fase: fase3_carga_low_iter1)
  ├─ [aspire:nic] start 00:43:31
  ├─ [aspire:cpu] start 00:43:31
  ├─ [scorpius:sd] start 00:43:31
  ├─ [scorpius:ram] start 00:43:31
  ├─ [scorpius:nic] start 00:43:31
[⏱ 00:43:31] Iniciando ecofloc en leo por 145s (fase: fase3_carga_low_iter1)
  ├─ [scorpius:cpu] start 00:43:31
  ├─ [leo:sd] start 00:43:31
  ├─ [leo:ram] start 00:43:31
  ├─ [leo:nic] start 00:43:31
  ├─ [leo:cpu] start 00:43:31
Target Time = 1.5; Load Intensity = 1.0; #Success = 0; #Failed = 0; #Dropped = 0
Target Time = 2.5; Load Intensity = 2.0; #Success = 0; #Failed = 0; #Dropped = 0
Target Time = 3.5; Load Intensity = 2.0; #Success = 0; #Failed = 0; #Dropped = 0
Target Time = 4.5; Load Intensity = 3.0; #Success = 8; #Failed = 0; #Dropped = 0
Target Time = 5.5; Load Intensity = 4.0; #Success = 4; #Failed = 0; #Dropped = 0
Target Time = 6.5; Load Intensity = 5.0; #Success = 5; #Failed = 0; #Dropped = 0
Target Time = 7.5; Load Intensity = 6.0; #Success = 6; #Failed = 0; #Dropped = 0
Target Time = 8.5; Load Intensity = 7.0; #Success = 7; #Failed = 0; #Dropped = 0
Target Time = 9.5; Load Intensity = 7.0; #Success = 7; #Failed = 0; #Dropped = 0
Target Time = 10.5; Load Intensity = 8.0; #Success = 7; #Failed = 0; #Dropped = 0
Target Time = 11.5; Load Intensity = 9.0; #Success = 10; #Failed = 0; #Dropped = 0
Target Time = 12.5; Load Intensity = 10.0; #Success = 10; #Failed = 0; #Dropped = 0
Target Time = 13.5; Load Intensity = 11.0; #Success = 9; #Failed = 0; #Dropped = 0
Target Time = 14.5; Load Intensity = 12.0; #Success = 12; #Failed = 0; #Dropped = 0
Target Time = 15.5; Load Intensity = 12.0; #Success = 10; #Failed = 0; #Dropped = 0
Target Time = 16.5; Load Intensity = 13.0; #Success = 15; #Failed = 0; #Dropped = 0
Target Time = 17.5; Load Intensity = 14.0; #Success = 14; #Failed = 0; #Dropped = 0
Target Time = 18.5; Load Intensity = 15.0; #Success = 4; #Failed = 0; #Dropped = 0
Target Time = 19.5; Load Intensity = 16.0; #Success = 0; #Failed = 0; #Dropped = 0
Target Time = 20.5; Load Intensity = 17.0; #Success = 4; #Failed = 0; #Dropped = 0
Target Time = 21.5; Load Intensity = 17.0; #Success = 7; #Failed = 0; #Dropped = 0
Target Time = 22.5; Load Intensity = 18.0; #Success = 3; #Failed = 0; #Dropped = 0
Target Time = 23.5; Load Intensity = 19.0; #Success = 18; #Failed = 0; #Dropped = 0
Target Time = 24.5; Load Intensity = 20.0; #Success = 18; #Failed = 0; #Dropped = 0
Target Time = 25.5; Load Intensity = 21.0; #Success = 11; #Failed = 0; #Dropped = 0
Target Time = 26.5; Load Intensity = 22.0; #Success = 0; #Failed = 0; #Dropped = 0
Target Time = 27.5; Load Intensity = 22.0; #Success = 0; #Failed = 0; #Dropped = 0
Target Time = 28.5; Load Intensity = 23.0; #Success = 0; #Failed = 0; #Dropped = 0
Target Time = 29.5; Load Intensity = 24.0; #Success = 0; #Failed = 0; #Dropped = 0
Target Time = 30.5; Load Intensity = 25.0; #Success = 0; #Failed = 3; #Dropped = 0
Target Time = 31.5; Load Intensity = 26.0; #Success = 0; #Failed = 4; #Dropped = 0
Target Time = 32.5; Load Intensity = 27.0; #Success = 0; #Failed = 1; #Dropped = 0
Target Time = 33.5; Load Intensity = 27.0; #Success = 0; #Failed = 5; #Dropped = 0
Target Time = 34.5; Load Intensity = 28.0; #Success = 0; #Failed = 0; #Dropped = 0
Target Time = 35.5; Load Intensity = 29.0; #Success = 2; #Failed = 0; #Dropped = 0
Target Time = 36.5; Load Intensity = 30.0; #Success = 0; #Failed = 0; #Dropped = 0
Target Time = 37.5; Load Intensity = 31.0; #Success = 0; #Failed = 5; #Dropped = 0
Target Time = 38.5; Load Intensity = 32.0; #Success = 0; #Failed = 5; #Dropped = 0
Target Time = 39.5; Load Intensity = 32.0; #Success = 0; #Failed = 0; #Dropped = 0
Target Time = 40.5; Load Intensity = 33.0; #Success = 18; #Failed = 0; #Dropped = 0
Target Time = 41.5; Load Intensity = 34.0; #Success = 3; #Failed = 0; #Dropped = 0
Target Time = 42.5; Load Intensity = 35.0; #Success = 1; #Failed = 0; #Dropped = 0
Target Time = 43.5; Load Intensity = 36.0; #Success = 0; #Failed = 0; #Dropped = 0
Target Time = 44.5; Load Intensity = 37.0; #Success = 1; #Failed = 1; #Dropped = 0
Target Time = 45.5; Load Intensity = 37.0; #Success = 3; #Failed = 1; #Dropped = 0
Target Time = 46.5; Load Intensity = 38.0; #Success = 1; #Failed = 0; #Dropped = 0
Target Time = 47.5; Load Intensity = 39.0; #Success = 0; #Failed = 0; #Dropped = 0
Target Time = 48.5; Load Intensity = 40.0; #Success = 0; #Failed = 0; #Dropped = 0
Target Time = 49.5; Load Intensity = 41.0; #Success = 6; #Failed = 0; #Dropped = 0
Target Time = 50.5; Load Intensity = 42.0; #Success = 3; #Failed = 0; #Dropped = 0
Target Time = 51.5; Load Intensity = 42.0; #Success = 0; #Failed = 1; #Dropped = 0
Target Time = 52.5; Load Intensity = 43.0; #Success = 1; #Failed = 0; #Dropped = 0
Target Time = 53.5; Load Intensity = 44.0; #Success = 11; #Failed = 0; #Dropped = 0
Target Time = 54.5; Load Intensity = 45.0; #Success = 4; #Failed = 0; #Dropped = 0
Target Time = 55.5; Load Intensity = 46.0; #Success = 1; #Failed = 0; #Dropped = 0
Target Time = 56.5; Load Intensity = 47.0; #Success = 6; #Failed = 1; #Dropped = 0
Target Time = 57.5; Load Intensity = 47.0; #Success = 5; #Failed = 0; #Dropped = 0
Target Time = 58.5; Load Intensity = 48.0; #Success = 2; #Failed = 0; #Dropped = 0
Target Time = 59.5; Load Intensity = 49.0; #Success = 5; #Failed = 0; #Dropped = 3
Target Time = 60.5; Load Intensity = 50.0; #Success = 4; #Failed = 0; #Dropped = 25
Target Time = 61.5; Load Intensity = 51.0; #Success = 1; #Failed = 0; #Dropped = 9
Target Time = 62.5; Load Intensity = 52.0; #Success = 3; #Failed = 0; #Dropped = 25
Target Time = 63.5; Load Intensity = 52.0; #Success = 1; #Failed = 0; #Dropped = 27
Target Time = 64.5; Load Intensity = 53.0; #Success = 2; #Failed = 0; #Dropped = 26
Target Time = 65.5; Load Intensity = 54.0; #Success = 0; #Failed = 0; #Dropped = 0
Target Time = 66.5; Load Intensity = 55.0; #Success = 1; #Failed = 0; #Dropped = 54
Target Time = 67.5; Load Intensity = 56.0; #Success = 1; #Failed = 0; #Dropped = 19
Target Time = 68.5; Load Intensity = 57.0; #Success = 0; #Failed = 0; #Dropped = 0
Target Time = 69.5; Load Intensity = 57.0; #Success = 0; #Failed = 0; #Dropped = 0
Target Time = 70.5; Load Intensity = 58.0; #Success = 7; #Failed = 2; #Dropped = 110
Target Time = 71.5; Load Intensity = 59.0; #Success = 0; #Failed = 0; #Dropped = 0
Target Time = 72.5; Load Intensity = 60.0; #Success = 2; #Failed = 1; #Dropped = 60
Target Time = 73.5; Load Intensity = 61.0; #Success = 0; #Failed = 0; #Dropped = 0
Target Time = 74.5; Load Intensity = 62.0; #Success = 1; #Failed = 0; #Dropped = 74
Target Time = 75.5; Load Intensity = 62.0; #Success = 3; #Failed = 1; #Dropped = 41
Target Time = 76.5; Load Intensity = 63.0; #Success = 6; #Failed = 0; #Dropped = 14
Target Time = 77.5; Load Intensity = 64.0; #Success = 5; #Failed = 0; #Dropped = 40
Target Time = 78.5; Load Intensity = 65.0; #Success = 9; #Failed = 1; #Dropped = 38
Target Time = 79.5; Load Intensity = 66.0; #Success = 2; #Failed = 0; #Dropped = 37
Target Time = 80.5; Load Intensity = 67.0; #Success = 2; #Failed = 0; #Dropped = 40
Target Time = 81.5; Load Intensity = 67.0; #Success = 0; #Failed = 3; #Dropped = 17
Target Time = 82.5; Load Intensity = 68.0; #Success = 9; #Failed = 0; #Dropped = 44
Target Time = 83.5; Load Intensity = 69.0; #Success = 1; #Failed = 0; #Dropped = 59
Target Time = 84.5; Load Intensity = 70.0; #Success = 1; #Failed = 0; #Dropped = 49
Target Time = 85.5; Load Intensity = 71.0; #Success = 0; #Failed = 0; #Dropped = 0
Target Time = 86.5; Load Intensity = 72.0; #Success = 1; #Failed = 0; #Dropped = 47
Target Time = 87.5; Load Intensity = 72.0; #Success = 6; #Failed = 1; #Dropped = 76
Target Time = 88.5; Load Intensity = 73.0; #Success = 6; #Failed = 0; #Dropped = 48
Target Time = 89.5; Load Intensity = 74.0; #Success = 2; #Failed = 0; #Dropped = 45
Target Time = 90.5; Load Intensity = 75.0; #Success = 2; #Failed = 0; #Dropped = 52
Target Time = 91.5; Load Intensity = 76.0; #Success = 2; #Failed = 0; #Dropped = 47
Target Time = 92.5; Load Intensity = 77.0; #Success = 0; #Failed = 0; #Dropped = 0
Target Time = 93.5; Load Intensity = 77.0; #Success = 1; #Failed = 0; #Dropped = 71
Target Time = 94.5; Load Intensity = 78.0; #Success = 0; #Failed = 1; #Dropped = 41
Target Time = 95.5; Load Intensity = 79.0; #Success = 0; #Failed = 0; #Dropped = 0
Target Time = 96.5; Load Intensity = 80.0; #Success = 0; #Failed = 1; #Dropped = 127
Target Time = 97.5; Load Intensity = 81.0; #Success = 0; #Failed = 0; #Dropped = 0
Target Time = 98.5; Load Intensity = 82.0; #Success = 3; #Failed = 0; #Dropped = 108
Target Time = 99.5; Load Intensity = 82.0; #Success = 9; #Failed = 0; #Dropped = 69
Target Time = 100.5; Load Intensity = 83.0; #Success = 5; #Failed = 0; #Dropped = 59
Target Time = 101.5; Load Intensity = 84.0; #Success = 0; #Failed = 0; #Dropped = 0
Target Time = 102.5; Load Intensity = 85.0; #Success = 5; #Failed = 0; #Dropped = 108
Target Time = 103.5; Load Intensity = 86.0; #Success = 4; #Failed = 0; #Dropped = 70
Target Time = 104.5; Load Intensity = 87.0; #Success = 0; #Failed = 0; #Dropped = 0
Target Time = 105.5; Load Intensity = 87.0; #Success = 1; #Failed = 0; #Dropped = 103
Target Time = 106.5; Load Intensity = 88.0; #Success = 1; #Failed = 0; #Dropped = 45
Target Time = 107.5; Load Intensity = 89.0; #Success = 5; #Failed = 0; #Dropped = 82
Target Time = 108.5; Load Intensity = 90.0; #Success = 6; #Failed = 0; #Dropped = 62
Target Time = 109.5; Load Intensity = 91.0; #Success = 0; #Failed = 0; #Dropped = 0
Target Time = 110.5; Load Intensity = 92.0; #Success = 4; #Failed = 0; #Dropped = 115
Target Time = 111.5; Load Intensity = 92.0; #Success = 0; #Failed = 0; #Dropped = 0
Target Time = 112.5; Load Intensity = 93.0; #Success = 2; #Failed = 1; #Dropped = 105
Target Time = 113.5; Load Intensity = 94.0; #Success = 2; #Failed = 1; #Dropped = 110
Target Time = 114.5; Load Intensity = 95.0; #Success = 0; #Failed = 0; #Dropped = 0
Target Time = 115.5; Load Intensity = 96.0; #Success = 1; #Failed = 1; #Dropped = 93
Target Time = 116.5; Load Intensity = 97.0; #Success = 2; #Failed = 2; #Dropped = 88
Target Time = 117.5; Load Intensity = 97.0; #Success = 6; #Failed = 0; #Dropped = 86
Target Time = 118.5; Load Intensity = 98.0; #Success = 3; #Failed = 1; #Dropped = 58
Target Time = 119.5; Load Intensity = 99.0; #Success = 4; #Failed = 0; #Dropped = 77
Target Time = 120.5; Load Intensity = 0.0; #Success = 4; #Failed = 0; #Dropped = 88
Target Time = 121.5; Load Intensity = 0.0; #Success = 1; #Failed = 1; #Dropped = 71
Target Time = 122.5; Load Intensity = 0.0; #Success = 5; #Failed = 0; #Dropped = 70
Target Time = 123.5; Load Intensity = 0.0; #Success = 5; #Failed = 0; #Dropped = 60
Target Time = 124.5; Load Intensity = 0.0; #Success = 0; #Failed = 2; #Dropped = 41
Target Time = 125.5; Load Intensity = 0.0; #Success = 2; #Failed = 4; #Dropped = 73
Target Time = 126.5; Load Intensity = 0.0; #Success = 1; #Failed = 2; #Dropped = 77
Target Time = 127.5; Load Intensity = 0.0; #Success = 3; #Failed = 0; #Dropped = 120
Target Time = 128.5; Load Intensity = 0.0; #Success = 6; #Failed = 0; #Dropped = 48
Target Time = 129.5; Load Intensity = 0.0; #Success = 3; #Failed = 0; #Dropped = 90
Target Time = 130.5; Load Intensity = 0.0; #Success = 4; #Failed = 0; #Dropped = 101
Target Time = 131.5; Load Intensity = 0.0; #Success = 1; #Failed = 0; #Dropped = 69
Target Time = 132.5; Load Intensity = 0.0; #Success = 7; #Failed = 0; #Dropped = 89
Target Time = 133.5; Load Intensity = 0.0; #Success = 1; #Failed = 1; #Dropped = 81
Target Time = 134.5; Load Intensity = 0.0; #Success = 1; #Failed = 2; #Dropped = 63
Target Time = 135.5; Load Intensity = 0.0; #Success = 1; #Failed = 0; #Dropped = 75
Target Time = 136.5; Load Intensity = 0.0; #Success = 0; #Failed = 0; #Dropped = 0
Target Time = 137.5; Load Intensity = 0.0; #Success = 3; #Failed = 0; #Dropped = 177
Target Time = 138.5; Load Intensity = 0.0; #Success = 0; #Failed = 0; #Dropped = 0
Target Time = 139.5; Load Intensity = 0.0; #Success = 3; #Failed = 0; #Dropped = 209
Target Time = 140.5; Load Intensity = 0.0; #Success = 2; #Failed = 3; #Dropped = 60
Target Time = 141.5; Load Intensity = 0.0; #Success = 0; #Failed = 0; #Dropped = 0
Target Time = 142.5; Load Intensity = 0.0; #Success = 2; #Failed = 2; #Dropped = 164
Target Time = 143.5; Load Intensity = 0.0; #Success = 0; #Failed = 7; #Dropped = 79
  └─ [nitro5:sd] end 00:45:54
Target Time = 144.5; Load Intensity = 0.0; #Success = 1; #Failed = 2; #Dropped = 95
  └─ [nitro5:ram] end 00:45:55
Target Time = 145.5; Load Intensity = 0.0; #Success = 0; #Failed = 4; #Dropped = 106
  └─ [nitro5:nic] end 00:45:55
  └─ [nitro5:cpu] end 00:45:56
Target Time = 146.5; Load Intensity = 0.0; #Success = 6; #Failed = 7; #Dropped = 73
Target Time = 147.5; Load Intensity = 0.0; #Success = 5; #Failed = 1; #Dropped = 138
Target Time = 148.5; Load Intensity = 0.0; #Success = 2; #Failed = 0; #Dropped = 71
Target Time = 149.5; Load Intensity = 0.0; #Success = 3; #Failed = 0; #Dropped = 97
Target Time = 150.5; Load Intensity = 0.0; #Success = 1; #Failed = 0; #Dropped = 28
  └─ [leo:nic] end 00:46:01
Target Time = 151.5; Load Intensity = 0.0; #Success = 0; #Failed = 0; #Dropped = 0
  └─ [leo:sd] end 00:46:02
Target Time = 152.5; Load Intensity = 0.0; #Success = 3; #Failed = 0; #Dropped = 0
  └─ [leo:ram] end 00:46:03
Target Time = 153.5; Load Intensity = 0.0; #Success = 0; #Failed = 3; #Dropped = 0
  └─ [leo:cpu] end 00:46:03
Target Time = 154.5; Load Intensity = 0.0; #Success = 5; #Failed = 2; #Dropped = 0
  └─ [scorpius:nic] end 00:46:05
Target Time = 155.5; Load Intensity = 0.0; #Success = 8; #Failed = 0; #Dropped = 0
  └─ [scorpius:cpu] end 00:46:06
Target Time = 156.5; Load Intensity = 0.0; #Success = 5; #Failed = 0; #Dropped = 0
  └─ [scorpius:sd] end 00:46:06
Target Time = 157.5; Load Intensity = 0.0; #Success = 2; #Failed = 0; #Dropped = 0
  └─ [aspire:nic] end 00:46:08
Target Time = 158.5; Load Intensity = 0.0; #Success = 3; #Failed = 1; #Dropped = 0
Target Time = 159.5; Load Intensity = 0.0; #Success = 2; #Failed = 0; #Dropped = 0
  └─ [aspire:ram] end 00:46:10
Target Time = 160.5; Load Intensity = 0.0; #Success = 1; #Failed = 2; #Dropped = 0
Target Time = 161.5; Load Intensity = 0.0; #Success = 2; #Failed = 0; #Dropped = 0
  └─ [aspire:cpu] end 00:46:11
  └─ [aspire:sd] end 00:46:12
Target Time = 162.5; Load Intensity = 0.0; #Success = 1; #Failed = 0; #Dropped = 0
Target Time = 163.5; Load Intensity = 0.0; #Success = 0; #Failed = 0; #Dropped = 0
Target Time = 164.5; Load Intensity = 0.0; #Success = 0; #Failed = 0; #Dropped = 0
Target Time = 165.5; Load Intensity = 0.0; #Success = 3; #Failed = 0; #Dropped = 0
Target Time = 166.5; Load Intensity = 0.0; #Success = 2; #Failed = 0; #Dropped = 0
  └─ [scorpius:ram] end 00:46:17
=== Bloque 145s terminado - Fase: fase3_carga_low_iter1 ===
[🧹] Limpiando CSVs internos de ecofloc en cada nodo (fase: fase3_carga_low_iter1)...
  ✔ [nitro5:cpu] limpiado /home/luish/Documents/p3/ecofloc2/ecofloc/ecofloc-cpu/ECOFLOC_CPU_COMM_text.csv
  ✔ [nitro5:nic] limpiado /home/luish/Documents/p3/ecofloc2/ecofloc/ecofloc-nic/ECOFLOC_NIC_COMM_text.csv
  ✔ [nitro5:ram] limpiado /home/luish/Documents/p3/ecofloc2/ecofloc/ecofloc-ram/ECOFLOC_RAM_COMM_text.csv
  ✔ [nitro5:sd] limpiado /home/luish/Documents/p3/ecofloc2/ecofloc/ecofloc-sd/ECOFLOC_SD_COMM_text.csv
Target Time = 167.5; Load Intensity = 0.0; #Success = 1; #Failed = 1; #Dropped = 0
Target Time = 168.5; Load Intensity = 0.0; #Success = 4; #Failed = 0; #Dropped = 0
Target Time = 169.5; Load Intensity = 0.0; #Success = 1; #Failed = 0; #Dropped = 0
Target Time = 170.5; Load Intensity = 0.0; #Success = 3; #Failed = 0; #Dropped = 0
  ✔ [leo:cpu] limpiado /home/leo/ecofloc/ecofloc-cpu/ECOFLOC_CPU_COMM_text.csv
Target Time = 171.5; Load Intensity = 0.0; #Success = 8; #Failed = 0; #Dropped = 0
  ✔ [leo:nic] limpiado /home/leo/ecofloc/ecofloc-nic/ECOFLOC_NIC_COMM_text.csv
  ✔ [leo:ram] limpiado /home/leo/ecofloc/ecofloc-ram/ECOFLOC_RAM_COMM_text.csv
  ✔ [leo:sd] limpiado /home/leo/ecofloc/ecofloc-sd/ECOFLOC_SD_COMM_text.csv
  ✔ [aspire:cpu] limpiado /home/luish/Documents/p3/ecofloc2/ecofloc/ecofloc-cpu/ECOFLOC_CPU_COMM_text.csv
  ✔ [aspire:nic] limpiado /home/luish/Documents/p3/ecofloc2/ecofloc/ecofloc-nic/ECOFLOC_NIC_COMM_text.csv
  ✔ [aspire:ram] limpiado /home/luish/Documents/p3/ecofloc2/ecofloc/ecofloc-ram/ECOFLOC_RAM_COMM_text.csv
  ✔ [aspire:sd] limpiado /home/luish/Documents/p3/ecofloc2/ecofloc/ecofloc-sd/ECOFLOC_SD_COMM_text.csv
  ✔ [scorpius:cpu] limpiado /home/scorpius03/Documents/ecofloc/ecofloc-cpu/ECOFLOC_CPU_COMM_text.csv
  ✔ [scorpius:nic] limpiado /home/scorpius03/Documents/ecofloc/ecofloc-nic/ECOFLOC_NIC_COMM_text.csv
  ✔ [scorpius:ram] limpiado /home/scorpius03/Documents/ecofloc/ecofloc-ram/ECOFLOC_RAM_COMM_text.csv
  ✔ [scorpius:sd] limpiado /home/scorpius03/Documents/ecofloc/ecofloc-sd/ECOFLOC_SD_COMM_text.csv
========================================
🔋 MEASURE ENERGY FINALIZADO
   Fase: fase3_carga_low_iter1
========================================
Workload finished.
Log finished.
📄 LIMBO finalizado para scenario=low
⏳ [00:46:26] Esperando que termine medición: fase3_carga_low_iter1 (PID: 1488843)
✔️ [00:46:26] Medición fase3_carga_low_iter1 completada
[📦] Archivando resultados → ./historyexecutions/exp(00:46:31)_fase3_low_iter1
[✔] Archivado: ./historyexecutions/exp(00:46:31)_fase3_low_iter1
🧹 Limpiando TeaStore (iter 1)...
⏸ Esperando 15s para limpieza completa...
✅ Iteración 1 / 15 del escenario low completada.

########################################################
🔄 ESCENARIO: low | ITERACIÓN: 2 / 15
   Hora: 00:47:20
########################################################
========================================
🔋 FASE 1: Descarga de imágenes (low, iter 2)
========================================
📋 Capturando PIDs (gepidstea.sh)...
📋 Capturando PIDs de contenedores (kpsnodos.sh)...
🔋 [00:47:40] Iniciando medición de energía: fase1_descarga_low_iter2 (25s)
   PID de medición: 1862296
🚀 Desplegando TeaStore desde /home/luish/Documents/death/teastore/TeaStore/examples/kubernetes/teastore-energy-scheduler.yaml...
========================================
🔋 MEASURE ENERGY - Fase: fase1_descarga_low_iter2
   Duración: 25s
   PID: 1862296
========================================
=== Medición bloque 25s - Fase: fase1_descarga_low_iter2 ===
[⏱ 00:47:40] Iniciando ecofloc en nitro5 por 25s (fase: fase1_descarga_low_iter2)
⏳ Esperando a que todos los pods de TeaStore estén Running y Ready...
  ├─ [nitro5:sd] start 00:47:40
  ├─ [nitro5:ram] start 00:47:41
  ├─ [nitro5:nic] start 00:47:41
[⏱ 00:47:41] Iniciando ecofloc en aspire por 25s (fase: fase1_descarga_low_iter2)
  ├─ [nitro5:cpu] start 00:47:41
  ├─ [aspire:sd] start 00:47:41
  ├─ [aspire:ram] start 00:47:41
  ├─ [aspire:cpu] start 00:47:41
[⏱ 00:47:41] Iniciando ecofloc en scorpius por 25s (fase: fase1_descarga_low_iter2)
  ├─ [aspire:nic] start 00:47:41
  ├─ [scorpius:sd] start 00:47:41
  ├─ [scorpius:ram] start 00:47:41
  ├─ [scorpius:nic] start 00:47:41
[⏱ 00:47:41] Iniciando ecofloc en leo por 25s (fase: fase1_descarga_low_iter2)
  ├─ [scorpius:cpu] start 00:47:41
  ├─ [leo:sd] start 00:47:41
  ├─ [leo:ram] start 00:47:41
  ├─ [leo:cpu] start 00:47:41
  ├─ [leo:nic] start 00:47:41
✅ Pods listos.
⏳ [00:47:59] Esperando que termine medición: fase1_descarga_low_iter2 (PID: 1862296)
  └─ [nitro5:sd] end 00:48:05
  └─ [nitro5:ram] end 00:48:06
  └─ [nitro5:nic] end 00:48:06
  └─ [nitro5:cpu] end 00:48:06
  └─ [leo:sd] end 00:48:07
  └─ [aspire:sd] end 00:48:07
  └─ [aspire:cpu] end 00:48:07
  └─ [leo:cpu] end 00:48:08
  └─ [aspire:nic] end 00:48:08
  └─ [scorpius:cpu] end 00:48:08
  └─ [aspire:ram] end 00:48:08
  └─ [scorpius:sd] end 00:48:09
  └─ [leo:nic] end 00:48:09
  └─ [leo:ram] end 00:48:09
  └─ [scorpius:nic] end 00:48:09
  └─ [scorpius:ram] end 00:48:09
=== Bloque 25s terminado - Fase: fase1_descarga_low_iter2 ===
[🧹] Limpiando CSVs internos de ecofloc en cada nodo (fase: fase1_descarga_low_iter2)...
  ✔ [nitro5:cpu] limpiado /home/luish/Documents/p3/ecofloc2/ecofloc/ecofloc-cpu/ECOFLOC_CPU_COMM_text.csv
  ✔ [nitro5:nic] limpiado /home/luish/Documents/p3/ecofloc2/ecofloc/ecofloc-nic/ECOFLOC_NIC_COMM_text.csv
  ✔ [nitro5:ram] limpiado /home/luish/Documents/p3/ecofloc2/ecofloc/ecofloc-ram/ECOFLOC_RAM_COMM_text.csv
  ✔ [nitro5:sd] limpiado /home/luish/Documents/p3/ecofloc2/ecofloc/ecofloc-sd/ECOFLOC_SD_COMM_text.csv
  ✔ [leo:cpu] limpiado /home/leo/ecofloc/ecofloc-cpu/ECOFLOC_CPU_COMM_text.csv
  ✔ [leo:nic] limpiado /home/leo/ecofloc/ecofloc-nic/ECOFLOC_NIC_COMM_text.csv
  ✔ [leo:ram] limpiado /home/leo/ecofloc/ecofloc-ram/ECOFLOC_RAM_COMM_text.csv
  ✔ [leo:sd] limpiado /home/leo/ecofloc/ecofloc-sd/ECOFLOC_SD_COMM_text.csv
  ✔ [aspire:cpu] limpiado /home/luish/Documents/p3/ecofloc2/ecofloc/ecofloc-cpu/ECOFLOC_CPU_COMM_text.csv
  ✔ [aspire:nic] limpiado /home/luish/Documents/p3/ecofloc2/ecofloc/ecofloc-nic/ECOFLOC_NIC_COMM_text.csv
  ✔ [aspire:ram] limpiado /home/luish/Documents/p3/ecofloc2/ecofloc/ecofloc-ram/ECOFLOC_RAM_COMM_text.csv
  ✔ [aspire:sd] limpiado /home/luish/Documents/p3/ecofloc2/ecofloc/ecofloc-sd/ECOFLOC_SD_COMM_text.csv
  ✔ [scorpius:cpu] limpiado /home/scorpius03/Documents/ecofloc/ecofloc-cpu/ECOFLOC_CPU_COMM_text.csv
  ✔ [scorpius:nic] limpiado /home/scorpius03/Documents/ecofloc/ecofloc-nic/ECOFLOC_NIC_COMM_text.csv
  ✔ [scorpius:ram] limpiado /home/scorpius03/Documents/ecofloc/ecofloc-ram/ECOFLOC_RAM_COMM_text.csv
  ✔ [scorpius:sd] limpiado /home/scorpius03/Documents/ecofloc/ecofloc-sd/ECOFLOC_SD_COMM_text.csv
========================================
🔋 MEASURE ENERGY FINALIZADO
   Fase: fase1_descarga_low_iter2
========================================
✔️ [00:48:13] Medición fase1_descarga_low_iter2 completada
[📦] Archivando resultados → ./historyexecutions/exp(00:48:18)_fase1_low_iter2
[✔] Archivado: ./historyexecutions/exp(00:48:18)_fase1_low_iter2
========================================
🔋 FASE 2: Preparación de servicios (low, iter 2)
========================================
📋 Capturando PIDs (gepidstea.sh)...
📋 Capturando PIDs de contenedores (kpsnodos.sh)...
🔋 [00:48:34] Iniciando medición de energía: fase2_preparacion_low_iter2 (50s)
   PID de medición: 1923027
========================================
🔋 MEASURE ENERGY - Fase: fase2_preparacion_low_iter2
   Duración: 50s
   PID: 1923027
========================================
=== Medición bloque 50s - Fase: fase2_preparacion_low_iter2 ===
[⏱ 00:48:34] Iniciando ecofloc en nitro5 por 50s (fase: fase2_preparacion_low_iter2)
⏳ Esperando 10s a que CoreDNS se estabilice...
  ├─ [nitro5:sd] start 00:48:34
  ├─ [nitro5:ram] start 00:48:35
  ├─ [nitro5:nic] start 00:48:35
[⏱ 00:48:36] Iniciando ecofloc en aspire por 50s (fase: fase2_preparacion_low_iter2)
  ├─ [nitro5:cpu] start 00:48:36
  ├─ [aspire:sd] start 00:48:36
  ├─ [aspire:ram] start 00:48:36
[⏱ 00:48:36] Iniciando ecofloc en scorpius por 50s (fase: fase2_preparacion_low_iter2)
  ├─ [aspire:nic] start 00:48:36
  ├─ [aspire:cpu] start 00:48:36
  ├─ [scorpius:sd] start 00:48:36
  ├─ [scorpius:ram] start 00:48:36
  ├─ [scorpius:nic] start 00:48:36
[⏱ 00:48:36] Iniciando ecofloc en leo por 50s (fase: fase2_preparacion_low_iter2)
  ├─ [scorpius:cpu] start 00:48:36
  ├─ [leo:sd] start 00:48:36
  ├─ [leo:ram] start 00:48:36
  ├─ [leo:nic] start 00:48:36
  ├─ [leo:cpu] start 00:48:36
➡️ Pod WebUI: teastore-webui-ff7768544-gcnl9
➡️ Está en el nodo: luish-nitro-an515-57
🌐 IP del nodo WebUI: 192.168.18.27
⏳ Verificando estado del TeaStore en http://192.168.18.27:30080/tools.descartes.teastore.webui/status ...
   ➤ Estado actual: 5 / 5 servicios OK
✔ TODOS los servicios del TeaStore están OK. Continuando...
⏳ [00:48:47] Esperando que termine medición: fase2_preparacion_low_iter2 (PID: 1923027)
  └─ [nitro5:sd] end 00:49:24
  └─ [nitro5:ram] end 00:49:25
  └─ [nitro5:nic] end 00:49:25
  └─ [nitro5:cpu] end 00:49:26
  └─ [aspire:sd] end 00:49:26
  └─ [aspire:cpu] end 00:49:26
  └─ [scorpius:sd] end 00:49:27
  └─ [scorpius:cpu] end 00:49:28
  └─ [leo:cpu] end 00:49:28
  └─ [aspire:nic] end 00:49:28
  └─ [leo:sd] end 00:49:28
  └─ [aspire:ram] end 00:49:28
  └─ [leo:ram] end 00:49:28
  └─ [scorpius:ram] end 00:49:28
  └─ [leo:nic] end 00:49:29
  └─ [scorpius:nic] end 00:49:29
=== Bloque 50s terminado - Fase: fase2_preparacion_low_iter2 ===
[🧹] Limpiando CSVs internos de ecofloc en cada nodo (fase: fase2_preparacion_low_iter2)...
  ✔ [nitro5:cpu] limpiado /home/luish/Documents/p3/ecofloc2/ecofloc/ecofloc-cpu/ECOFLOC_CPU_COMM_text.csv
  ✔ [nitro5:nic] limpiado /home/luish/Documents/p3/ecofloc2/ecofloc/ecofloc-nic/ECOFLOC_NIC_COMM_text.csv
  ✔ [nitro5:ram] limpiado /home/luish/Documents/p3/ecofloc2/ecofloc/ecofloc-ram/ECOFLOC_RAM_COMM_text.csv
  ✔ [nitro5:sd] limpiado /home/luish/Documents/p3/ecofloc2/ecofloc/ecofloc-sd/ECOFLOC_SD_COMM_text.csv
  ✔ [leo:cpu] limpiado /home/leo/ecofloc/ecofloc-cpu/ECOFLOC_CPU_COMM_text.csv
  ✔ [leo:nic] limpiado /home/leo/ecofloc/ecofloc-nic/ECOFLOC_NIC_COMM_text.csv
  ✔ [leo:ram] limpiado /home/leo/ecofloc/ecofloc-ram/ECOFLOC_RAM_COMM_text.csv
  ✔ [leo:sd] limpiado /home/leo/ecofloc/ecofloc-sd/ECOFLOC_SD_COMM_text.csv
  ✔ [aspire:cpu] limpiado /home/luish/Documents/p3/ecofloc2/ecofloc/ecofloc-cpu/ECOFLOC_CPU_COMM_text.csv
  ✔ [aspire:nic] limpiado /home/luish/Documents/p3/ecofloc2/ecofloc/ecofloc-nic/ECOFLOC_NIC_COMM_text.csv
  ✔ [aspire:ram] limpiado /home/luish/Documents/p3/ecofloc2/ecofloc/ecofloc-ram/ECOFLOC_RAM_COMM_text.csv
  ✔ [aspire:sd] limpiado /home/luish/Documents/p3/ecofloc2/ecofloc/ecofloc-sd/ECOFLOC_SD_COMM_text.csv
  ✔ [scorpius:cpu] limpiado /home/scorpius03/Documents/ecofloc/ecofloc-cpu/ECOFLOC_CPU_COMM_text.csv
  ✔ [scorpius:nic] limpiado /home/scorpius03/Documents/ecofloc/ecofloc-nic/ECOFLOC_NIC_COMM_text.csv
  ✔ [scorpius:ram] limpiado /home/scorpius03/Documents/ecofloc/ecofloc-ram/ECOFLOC_RAM_COMM_text.csv
  ✔ [scorpius:sd] limpiado /home/scorpius03/Documents/ecofloc/ecofloc-sd/ECOFLOC_SD_COMM_text.csv
========================================
🔋 MEASURE ENERGY FINALIZADO
   Fase: fase2_preparacion_low_iter2
========================================
✔️ [00:49:32] Medición fase2_preparacion_low_iter2 completada
[📦] Archivando resultados → ./historyexecutions/exp(00:49:37)_fase2_low_iter2
